Archive member included to satisfy reference by file (symbol)

d:/gun arm embedded toolchain/10 2021.10/bin/../lib/gcc/arm-none-eabi/10.3.1/../../../../arm-none-eabi/lib/thumb/v7e-m+fp/hard\libc_nano.a(lib_a-exit.o)
                              d:/gun arm embedded toolchain/10 2021.10/bin/../lib/gcc/arm-none-eabi/10.3.1/../../../../arm-none-eabi/lib/thumb/v7e-m+fp/hard/crt0.o (exit)
d:/gun arm embedded toolchain/10 2021.10/bin/../lib/gcc/arm-none-eabi/10.3.1/../../../../arm-none-eabi/lib/thumb/v7e-m+fp/hard\libc_nano.a(lib_a-impure.o)
                              d:/gun arm embedded toolchain/10 2021.10/bin/../lib/gcc/arm-none-eabi/10.3.1/../../../../arm-none-eabi/lib/thumb/v7e-m+fp/hard\libc_nano.a(lib_a-exit.o) (_global_impure_ptr)
d:/gun arm embedded toolchain/10 2021.10/bin/../lib/gcc/arm-none-eabi/10.3.1/../../../../arm-none-eabi/lib/thumb/v7e-m+fp/hard\libc_nano.a(lib_a-init.o)
                              d:/gun arm embedded toolchain/10 2021.10/bin/../lib/gcc/arm-none-eabi/10.3.1/../../../../arm-none-eabi/lib/thumb/v7e-m+fp/hard/crt0.o (__libc_init_array)
d:/gun arm embedded toolchain/10 2021.10/bin/../lib/gcc/arm-none-eabi/10.3.1/../../../../arm-none-eabi/lib/thumb/v7e-m+fp/hard\libc_nano.a(lib_a-memset.o)
                              d:/gun arm embedded toolchain/10 2021.10/bin/../lib/gcc/arm-none-eabi/10.3.1/../../../../arm-none-eabi/lib/thumb/v7e-m+fp/hard/crt0.o (memset)
d:/gun arm embedded toolchain/10 2021.10/bin/../lib/gcc/arm-none-eabi/10.3.1/../../../../arm-none-eabi/lib/thumb/v7e-m+fp/hard\libnosys.a(_exit.o)
                              d:/gun arm embedded toolchain/10 2021.10/bin/../lib/gcc/arm-none-eabi/10.3.1/../../../../arm-none-eabi/lib/thumb/v7e-m+fp/hard\libc_nano.a(lib_a-exit.o) (_exit)
d:/gun arm embedded toolchain/10 2021.10/bin/../lib/gcc/arm-none-eabi/10.3.1/thumb/v7e-m+fp/hard\libgcc.a(_aeabi_uldivmod.o)
                              build/stm32f4xx_hal_rcc.o (__aeabi_uldivmod)
d:/gun arm embedded toolchain/10 2021.10/bin/../lib/gcc/arm-none-eabi/10.3.1/thumb/v7e-m+fp/hard\libgcc.a(_udivmoddi4.o)
                              d:/gun arm embedded toolchain/10 2021.10/bin/../lib/gcc/arm-none-eabi/10.3.1/thumb/v7e-m+fp/hard\libgcc.a(_aeabi_uldivmod.o) (__udivmoddi4)
d:/gun arm embedded toolchain/10 2021.10/bin/../lib/gcc/arm-none-eabi/10.3.1/thumb/v7e-m+fp/hard\libgcc.a(_dvmd_tls.o)
                              d:/gun arm embedded toolchain/10 2021.10/bin/../lib/gcc/arm-none-eabi/10.3.1/thumb/v7e-m+fp/hard\libgcc.a(_aeabi_uldivmod.o) (__aeabi_ldiv0)

Discarded input sections

 .text          0x00000000        0x0 d:/gun arm embedded toolchain/10 2021.10/bin/../lib/gcc/arm-none-eabi/10.3.1/thumb/v7e-m+fp/hard/crti.o
 .data          0x00000000        0x0 d:/gun arm embedded toolchain/10 2021.10/bin/../lib/gcc/arm-none-eabi/10.3.1/thumb/v7e-m+fp/hard/crti.o
 .bss           0x00000000        0x0 d:/gun arm embedded toolchain/10 2021.10/bin/../lib/gcc/arm-none-eabi/10.3.1/thumb/v7e-m+fp/hard/crti.o
 .data          0x00000000        0x4 d:/gun arm embedded toolchain/10 2021.10/bin/../lib/gcc/arm-none-eabi/10.3.1/thumb/v7e-m+fp/hard/crtbegin.o
 .rodata        0x00000000       0x24 d:/gun arm embedded toolchain/10 2021.10/bin/../lib/gcc/arm-none-eabi/10.3.1/thumb/v7e-m+fp/hard/crtbegin.o
 .text          0x00000000       0x7c d:/gun arm embedded toolchain/10 2021.10/bin/../lib/gcc/arm-none-eabi/10.3.1/../../../../arm-none-eabi/lib/thumb/v7e-m+fp/hard/crt0.o
 .data          0x00000000        0x0 d:/gun arm embedded toolchain/10 2021.10/bin/../lib/gcc/arm-none-eabi/10.3.1/../../../../arm-none-eabi/lib/thumb/v7e-m+fp/hard/crt0.o
 .bss           0x00000000        0x0 d:/gun arm embedded toolchain/10 2021.10/bin/../lib/gcc/arm-none-eabi/10.3.1/../../../../arm-none-eabi/lib/thumb/v7e-m+fp/hard/crt0.o
 .ARM.extab     0x00000000        0x0 d:/gun arm embedded toolchain/10 2021.10/bin/../lib/gcc/arm-none-eabi/10.3.1/../../../../arm-none-eabi/lib/thumb/v7e-m+fp/hard/crt0.o
 .ARM.exidx     0x00000000       0x10 d:/gun arm embedded toolchain/10 2021.10/bin/../lib/gcc/arm-none-eabi/10.3.1/../../../../arm-none-eabi/lib/thumb/v7e-m+fp/hard/crt0.o
 .ARM.attributes
                0x00000000       0x1c d:/gun arm embedded toolchain/10 2021.10/bin/../lib/gcc/arm-none-eabi/10.3.1/../../../../arm-none-eabi/lib/thumb/v7e-m+fp/hard/crt0.o
 .text          0x00000000        0x0 build/main.o
 .data          0x00000000        0x0 build/main.o
 .bss           0x00000000        0x0 build/main.o
 .text          0x00000000        0x0 build/led.o
 .data          0x00000000        0x0 build/led.o
 .bss           0x00000000        0x0 build/led.o
 .text          0x00000000        0x0 build/usart.o
 .data          0x00000000        0x0 build/usart.o
 .bss           0x00000000        0x0 build/usart.o
 .text          0x00000000        0x0 build/timer.o
 .data          0x00000000        0x0 build/timer.o
 .bss           0x00000000        0x0 build/timer.o
 .text          0x00000000        0x0 build/sysclock.o
[...]
Memory Configuration

Name             Origin             Length             Attributes
RAM              0x20000000         0x00030000         xrw
CCMRAM           0x10000000         0x00010000         xrw
FLASH            0x08000000         0x00100000         xr
*default*        0x00000000         0xffffffff

Linker script and memory map

LOAD d:/gun arm embedded toolchain/10 2021.10/bin/../lib/gcc/arm-none-eabi/10.3.1/thumb/v7e-m+fp/hard/crti.o
LOAD d:/gun arm embedded toolchain/10 2021.10/bin/../lib/gcc/arm-none-eabi/10.3.1/thumb/v7e-m+fp/hard/crtbegin.o
LOAD d:/gun arm embedded toolchain/10 2021.10/bin/../lib/gcc/arm-none-eabi/10.3.1/../../../../arm-none-eabi/lib/thumb/v7e-m+fp/hard/crt0.o
LOAD build/main.o
LOAD build/led.o
LOAD build/usart.o
LOAD build/timer.o
LOAD build/sysclock.o
LOAD build/stm32f4xx_it.o
LOAD build/stm32f4xx_hal_msp.o
LOAD build/stm32f4xx_hal_tim.o
LOAD build/stm32f4xx_hal_tim_ex.o
LOAD build/stm32f4xx_hal_rcc.o
LOAD build/stm32f4xx_hal_rcc_ex.o
LOAD build/stm32f4xx_hal_flash.o
LOAD build/stm32f4xx_hal_flash_ex.o
LOAD build/stm32f4xx_hal_flash_ramfunc.o
LOAD build/stm32f4xx_hal_gpio.o
LOAD build/stm32f4xx_hal_dma_ex.o
LOAD build/stm32f4xx_hal_dma.o
LOAD build/stm32f4xx_hal_pwr.o
LOAD build/stm32f4xx_hal_pwr_ex.o
LOAD build/stm32f4xx_hal_cortex.o
LOAD build/stm32f4xx_hal.o
LOAD build/stm32f4xx_hal_exti.o
LOAD build/stm32f4xx_hal_usart.o
LOAD build/system_stm32f4xx.o
LOAD build/startup_stm32f429xx.o
LOAD d:/gun arm embedded toolchain/10 2021.10/bin/../lib/gcc/arm-none-eabi/10.3.1/../../../../arm-none-eabi/lib/thumb/v7e-m+fp/hard\libc_nano.a
LOAD d:/gun arm embedded toolchain/10 2021.10/bin/../lib/gcc/arm-none-eabi/10.3.1/../../../../arm-none-eabi/lib/thumb/v7e-m+fp/hard\libm.a
LOAD d:/gun arm embedded toolchain/10 2021.10/bin/../lib/gcc/arm-none-eabi/10.3.1/../../../../arm-none-eabi/lib/thumb/v7e-m+fp/hard\libnosys.a
START GROUP
LOAD d:/gun arm embedded toolchain/10 2021.10/bin/../lib/gcc/arm-none-eabi/10.3.1/thumb/v7e-m+fp/hard\libgcc.a
LOAD d:/gun arm embedded toolchain/10 2021.10/bin/../lib/gcc/arm-none-eabi/10.3.1/../../../../arm-none-eabi/lib/thumb/v7e-m+fp/hard\libc_nano.a
END GROUP
START GROUP
LOAD d:/gun arm embedded toolchain/10 2021.10/bin/../lib/gcc/arm-none-eabi/10.3.1/thumb/v7e-m+fp/hard\libgcc.a
LOAD d:/gun arm embedded toolchain/10 2021.10/bin/../lib/gcc/arm-none-eabi/10.3.1/../../../../arm-none-eabi/lib/thumb/v7e-m+fp/hard\libc_nano.a
END GROUP
LOAD d:/gun arm embedded toolchain/10 2021.10/bin/../lib/gcc/arm-none-eabi/10.3.1/thumb/v7e-m+fp/hard/crtend.o
LOAD d:/gun arm embedded toolchain/10 2021.10/bin/../lib/gcc/arm-none-eabi/10.3.1/thumb/v7e-m+fp/hard/crtn.o
                0x20030000                _estack = (ORIGIN (RAM) + LENGTH (RAM))
                0x00000200                _Min_Heap_Size = 0x200
                0x00000400                _Min_Stack_Size = 0x400

.isr_vector     0x08000000      0x1ac
                0x08000000                . = ALIGN (0x4)
 *(.isr_vector)
 .isr_vector    0x08000000      0x1ac build/startup_stm32f429xx.o
                0x08000000                g_pfnVectors
                0x080001ac                . = ALIGN (0x4)

.text           0x080001ac     0x1af0
                0x080001ac                . = ALIGN (0x4)
 *(.text)
 .text          0x080001ac       0x40 d:/gun arm embedded toolchain/10 2021.10/bin/../lib/gcc/arm-none-eabi/10.3.1/thumb/v7e-m+fp/hard/crtbegin.o
 .text          0x080001ec       0x30 d:/gun arm embedded toolchain/10 2021.10/bin/../lib/gcc/arm-none-eabi/10.3.1/thumb/v7e-m+fp/hard\libgcc.a(_aeabi_uldivmod.o)
                0x080001ec                __aeabi_uldivmod
 .text          0x0800021c      0x2d0 d:/gun arm embedded toolchain/10 2021.10/bin/../lib/gcc/arm-none-eabi/10.3.1/thumb/v7e-m+fp/hard\libgcc.a(_udivmoddi4.o)
                0x0800021c                __udivmoddi4
 .text          0x080004ec        0x4 d:/gun arm embedded toolchain/10 2021.10/bin/../lib/gcc/arm-none-eabi/10.3.1/thumb/v7e-m+fp/hard\libgcc.a(_dvmd_tls.o)
                0x080004ec                __aeabi_idiv0
                0x080004ec                __aeabi_ldiv0
 *(.text*)
 .text.main     0x080004f0       0x18 build/main.o
                0x080004f0                main
 .text.Error_Handler
                0x08000508        0x4 build/main.o
                0x08000508                Error_Handler
 .text.MX_GPIO_Init
                0x0800050c       0x80 build/led.o
                0x0800050c                MX_GPIO_Init
 .text.MX_USART1_Init
                0x0800058c       0x38 build/usart.o
                0x0800058c                MX_USART1_Init
 .text.MX_TIM2_Init
                0x080005c4       0x70 build/timer.o
                0x080005c4                MX_TIM2_Init
 .text.SystemClock_Config
                0x08000634       0xa8 build/sysclock.o
                0x08000634                SystemClock_Config
 .text.NMI_Handler
                0x080006dc        0x2 build/stm32f4xx_it.o
                0x080006dc                NMI_Handler
 .text.HardFault_Handler
                0x080006de        0x2 build/stm32f4xx_it.o
                0x080006de                HardFault_Handler
 .text.MemManage_Handler
                0x080006e0        0x2 build/stm32f4xx_it.o
                0x080006e0                MemManage_Handler
 .text.BusFault_Handler
                0x080006e2        0x2 build/stm32f4xx_it.o
                0x080006e2                BusFault_Handler
 .text.UsageFault_Handler
                0x080006e4        0x2 build/stm32f4xx_it.o
                0x080006e4                UsageFault_Handler
 .text.SVC_Handler
                0x080006e6        0x2 build/stm32f4xx_it.o
                0x080006e6                SVC_Handler
 .text.DebugMon_Handler
                0x080006e8        0x2 build/stm32f4xx_it.o
                0x080006e8                DebugMon_Handler
 .text.PendSV_Handler
                0x080006ea        0x2 build/stm32f4xx_it.o
                0x080006ea                PendSV_Handler
 .text.SysTick_Handler
                0x080006ec        0x8 build/stm32f4xx_it.o
                0x080006ec                SysTick_Handler
 .text.TIM2_IRQHandler
                0x080006f4       0x10 build/stm32f4xx_it.o
                0x080006f4                TIM2_IRQHandler
 .text.USART1_IRQHandler
                0x08000704       0x10 build/stm32f4xx_it.o
                0x08000704                USART1_IRQHandler
 .text.HAL_MspInit
                0x08000714       0x38 build/stm32f4xx_hal_msp.o
                0x08000714                HAL_MspInit
 .text.HAL_TIM_Base_MspInit
                0x0800074c       0x3c build/stm32f4xx_hal_msp.o
                0x0800074c                HAL_TIM_Base_MspInit
 .text.HAL_USART_MspInit
                0x08000788       0x80 build/stm32f4xx_hal_msp.o
                0x08000788                HAL_USART_MspInit
 .text.TIM_TI1_ConfigInputStage
                0x08000808       0x26 build/stm32f4xx_hal_tim.o
 .text.TIM_TI2_ConfigInputStage
                0x0800082e       0x28 build/stm32f4xx_hal_tim.o
 .text.TIM_ITRx_SetConfig
                0x08000856       0x10 build/stm32f4xx_hal_tim.o
 .text.HAL_TIM_PeriodElapsedCallback
                0x08000866        0x2 build/stm32f4xx_hal_tim.o
                0x08000866                HAL_TIM_PeriodElapsedCallback
 .text.HAL_TIM_OC_DelayElapsedCallback
                0x08000868        0x2 build/stm32f4xx_hal_tim.o
                0x08000868                HAL_TIM_OC_DelayElapsedCallback
 .text.HAL_TIM_IC_CaptureCallback
                0x0800086a        0x2 build/stm32f4xx_hal_tim.o
                0x0800086a                HAL_TIM_IC_CaptureCallback
 .text.HAL_TIM_PWM_PulseFinishedCallback
                0x0800086c        0x2 build/stm32f4xx_hal_tim.o
                0x0800086c                HAL_TIM_PWM_PulseFinishedCallback
 .text.HAL_TIM_TriggerCallback
                0x0800086e        0x2 build/stm32f4xx_hal_tim.o
                0x0800086e                HAL_TIM_TriggerCallback
 .text.HAL_TIM_IRQHandler
                0x08000870      0x17a build/stm32f4xx_hal_tim.o
                0x08000870                HAL_TIM_IRQHandler
 *fill*         0x080009ea        0x2 
 .text.TIM_Base_SetConfig
                0x080009ec       0xc8 build/stm32f4xx_hal_tim.o
                0x080009ec                TIM_Base_SetConfig
 .text.HAL_TIM_Base_Init
                0x08000ab4       0x58 build/stm32f4xx_hal_tim.o
                0x08000ab4                HAL_TIM_Base_Init
 .text.TIM_ETR_SetConfig
                0x08000b0c       0x1a build/stm32f4xx_hal_tim.o
                0x08000b0c                TIM_ETR_SetConfig
 .text.HAL_TIM_ConfigClockSource
                0x08000b26       0xfe build/stm32f4xx_hal_tim.o
                0x08000b26                HAL_TIM_ConfigClockSource
 .text.HAL_TIMEx_MasterConfigSynchronization
                0x08000c24       0x8c build/stm32f4xx_hal_tim_ex.o
                0x08000c24                HAL_TIMEx_MasterConfigSynchronization
 .text.HAL_TIMEx_CommutCallback
                0x08000cb0        0x2 build/stm32f4xx_hal_tim_ex.o
                0x08000cb0                HAL_TIMEx_CommutCallback
 .text.HAL_TIMEx_BreakCallback
                0x08000cb2        0x2 build/stm32f4xx_hal_tim_ex.o
                0x08000cb2                HAL_TIMEx_BreakCallback
 .text.HAL_RCC_OscConfig
                0x08000cb4      0x3f8 build/stm32f4xx_hal_rcc.o
                0x08000cb4                HAL_RCC_OscConfig
 .text.HAL_RCC_GetSysClockFreq
                0x080010ac       0xa4 build/stm32f4xx_hal_rcc.o
                0x080010ac                HAL_RCC_GetSysClockFreq
 .text.HAL_RCC_ClockConfig
                0x08001150      0x160 build/stm32f4xx_hal_rcc.o
                0x08001150                HAL_RCC_ClockConfig
 .text.HAL_RCC_GetHCLKFreq
                0x080012b0        0xc build/stm32f4xx_hal_rcc.o
                0x080012b0                HAL_RCC_GetHCLKFreq
 .text.HAL_RCC_GetPCLK1Freq
                0x080012bc       0x20 build/stm32f4xx_hal_rcc.o
                0x080012bc                HAL_RCC_GetPCLK1Freq
 .text.HAL_RCC_GetPCLK2Freq
                0x080012dc       0x20 build/stm32f4xx_hal_rcc.o
                0x080012dc                HAL_RCC_GetPCLK2Freq
 .text.HAL_GPIO_Init
                0x080012fc      0x1fc build/stm32f4xx_hal_gpio.o
                0x080012fc                HAL_GPIO_Init
 .text.HAL_GPIO_WritePin
                0x080014f8        0xc build/stm32f4xx_hal_gpio.o
                0x080014f8                HAL_GPIO_WritePin
 .text.HAL_DMA_Abort_IT
                0x08001504       0x26 build/stm32f4xx_hal_dma.o
                0x08001504                HAL_DMA_Abort_IT
 *fill*         0x0800152a        0x2 
 .text.HAL_NVIC_SetPriorityGrouping
                0x0800152c       0x24 build/stm32f4xx_hal_cortex.o
                0x0800152c                HAL_NVIC_SetPriorityGrouping
 .text.HAL_NVIC_SetPriority
                0x08001550       0x70 build/stm32f4xx_hal_cortex.o
                0x08001550                HAL_NVIC_SetPriority
 .text.HAL_NVIC_EnableIRQ
                0x080015c0       0x1c build/stm32f4xx_hal_cortex.o
                0x080015c0                HAL_NVIC_EnableIRQ
 .text.HAL_SYSTICK_Config
                0x080015dc       0x28 build/stm32f4xx_hal_cortex.o
                0x080015dc                HAL_SYSTICK_Config
 .text.HAL_InitTick
                0x08001604       0x4c build/stm32f4xx_hal.o
                0x08001604                HAL_InitTick
 .text.HAL_Init
                0x08001650       0x34 build/stm32f4xx_hal.o
                0x08001650                HAL_Init
 .text.HAL_IncTick
                0x08001684       0x18 build/stm32f4xx_hal.o
                0x08001684                HAL_IncTick
 .text.HAL_GetTick
                0x0800169c        0xc build/stm32f4xx_hal.o
                0x0800169c                HAL_GetTick
 .text.USART_EndRxTransfer
                0x080016a8       0x1c build/stm32f4xx_hal_usart.o
 .text.USART_Transmit_IT
                0x080016c4       0x60 build/stm32f4xx_hal_usart.o
 .text.USART_SetConfig
                0x08001724      0x11c build/stm32f4xx_hal_usart.o
 .text.HAL_USART_Init
                0x08001840       0x50 build/stm32f4xx_hal_usart.o
                0x08001840                HAL_USART_Init
 .text.HAL_USART_TxCpltCallback
                0x08001890        0x2 build/stm32f4xx_hal_usart.o
                0x08001890                HAL_USART_TxCpltCallback
 .text.USART_EndTransmit_IT
                0x08001892       0x24 build/stm32f4xx_hal_usart.o
 .text.HAL_USART_RxCpltCallback
                0x080018b6        0x2 build/stm32f4xx_hal_usart.o
                0x080018b6                HAL_USART_RxCpltCallback
 .text.USART_Receive_IT
                0x080018b8       0x9e build/stm32f4xx_hal_usart.o
 .text.HAL_USART_TxRxCpltCallback
                0x08001956        0x2 build/stm32f4xx_hal_usart.o
                0x08001956                HAL_USART_TxRxCpltCallback
 .text.USART_TransmitReceive_IT
                0x08001958       0xfc build/stm32f4xx_hal_usart.o
 .text.HAL_USART_ErrorCallback
                0x08001a54        0x2 build/stm32f4xx_hal_usart.o
                0x08001a54                HAL_USART_ErrorCallback
 *fill*         0x08001a56        0x2 
 .text.HAL_USART_IRQHandler
                0x08001a58      0x15c build/stm32f4xx_hal_usart.o
                0x08001a58                HAL_USART_IRQHandler
 .text.USART_DMAAbortOnError
                0x08001bb4       0x10 build/stm32f4xx_hal_usart.o
 .text.SystemInit
                0x08001bc4       0x14 build/system_stm32f4xx.o
                0x08001bc4                SystemInit
 .text.Reset_Handler
                0x08001bd8       0x50 build/startup_stm32f429xx.o
                0x08001bd8                Reset_Handler
 .text.Default_Handler
                0x08001c28        0x2 build/startup_stm32f429xx.o
                0x08001c28                RTC_Alarm_IRQHandler
                0x08001c28                HASH_RNG_IRQHandler
                0x08001c28                EXTI2_IRQHandler
                0x08001c28                TIM8_CC_IRQHandler
                0x08001c28                UART8_IRQHandler
                0x08001c28                SPI4_IRQHandler
                0x08001c28                TIM1_CC_IRQHandler
                0x08001c28                DMA2_Stream5_IRQHandler
                0x08001c28                DMA1_Stream5_IRQHandler
                0x08001c28                PVD_IRQHandler
                0x08001c28                SDIO_IRQHandler
                0x08001c28                TAMP_STAMP_IRQHandler
                0x08001c28                CAN2_RX1_IRQHandler
                0x08001c28                EXTI3_IRQHandler
                0x08001c28                TIM8_TRG_COM_TIM14_IRQHandler
                0x08001c28                TIM1_UP_TIM10_IRQHandler
                0x08001c28                TIM8_UP_TIM13_IRQHandler
                0x08001c28                I2C3_ER_IRQHandler
                0x08001c28                EXTI0_IRQHandler
                0x08001c28                I2C2_EV_IRQHandler
                0x08001c28                DMA1_Stream2_IRQHandler
                0x08001c28                CAN1_RX0_IRQHandler
                0x08001c28                FPU_IRQHandler
                0x08001c28                OTG_HS_WKUP_IRQHandler
                0x08001c28                LTDC_ER_IRQHandler
                0x08001c28                CAN2_SCE_IRQHandler
                0x08001c28                DMA2_Stream2_IRQHandler
                0x08001c28                SPI1_IRQHandler
                0x08001c28                TIM6_DAC_IRQHandler
                0x08001c28                TIM1_BRK_TIM9_IRQHandler
                0x08001c28                DCMI_IRQHandler
                0x08001c28                CAN2_RX0_IRQHandler
                0x08001c28                DMA2_Stream3_IRQHandler
                0x08001c28                USART6_IRQHandler
                0x08001c28                USART3_IRQHandler
                0x08001c28                CAN1_RX1_IRQHandler
                0x08001c28                UART5_IRQHandler
                0x08001c28                DMA2_Stream0_IRQHandler
                0x08001c28                TIM4_IRQHandler
                0x08001c28                I2C1_EV_IRQHandler
                0x08001c28                DMA1_Stream6_IRQHandler
                0x08001c28                DMA1_Stream1_IRQHandler
                0x08001c28                UART4_IRQHandler
                0x08001c28                TIM3_IRQHandler
                0x08001c28                RCC_IRQHandler
                0x08001c28                TIM8_BRK_TIM12_IRQHandler
                0x08001c28                Default_Handler
                0x08001c28                EXTI15_10_IRQHandler
                0x08001c28                ADC_IRQHandler
                0x08001c28                DMA1_Stream7_IRQHandler
                0x08001c28                SPI5_IRQHandler
                0x08001c28                TIM7_IRQHandler
                0x08001c28                CAN2_TX_IRQHandler
                0x08001c28                TIM5_IRQHandler
                0x08001c28                DMA2_Stream7_IRQHandler
                0x08001c28                I2C3_EV_IRQHandler
                0x08001c28                EXTI9_5_IRQHandler
                0x08001c28                RTC_WKUP_IRQHandler
                0x08001c28                LTDC_IRQHandler
                0x08001c28                ETH_WKUP_IRQHandler
                0x08001c28                SPI2_IRQHandler
                0x08001c28                OTG_HS_EP1_IN_IRQHandler
                0x08001c28                DMA1_Stream0_IRQHandler
                0x08001c28                CAN1_TX_IRQHandler
                0x08001c28                EXTI4_IRQHandler
                0x08001c28                ETH_IRQHandler
                0x08001c28                OTG_HS_EP1_OUT_IRQHandler
                0x08001c28                WWDG_IRQHandler
                0x08001c28                SPI6_IRQHandler
                0x08001c28                OTG_FS_WKUP_IRQHandler
                0x08001c28                TIM1_TRG_COM_TIM11_IRQHandler
                0x08001c28                OTG_HS_IRQHandler
                0x08001c28                DMA2D_IRQHandler
                0x08001c28                EXTI1_IRQHandler
                0x08001c28                UART7_IRQHandler
                0x08001c28                USART2_IRQHandler
                0x08001c28                I2C2_ER_IRQHandler
                0x08001c28                DMA2_Stream1_IRQHandler
                0x08001c28                CAN1_SCE_IRQHandler
                0x08001c28                FLASH_IRQHandler
                0x08001c28                DMA2_Stream4_IRQHandler
                0x08001c28                OTG_FS_IRQHandler
                0x08001c28                SPI3_IRQHandler
                0x08001c28                DMA1_Stream4_IRQHandler
                0x08001c28                I2C1_ER_IRQHandler
                0x08001c28                FMC_IRQHandler
                0x08001c28                DMA2_Stream6_IRQHandler
                0x08001c28                SAI1_IRQHandler
                0x08001c28                DMA1_Stream3_IRQHandler
 *fill*         0x08001c2a        0x2 
 .text.__libc_init_array
                0x08001c2c       0x48 d:/gun arm embedded toolchain/10 2021.10/bin/../lib/gcc/arm-none-eabi/10.3.1/../../../../arm-none-eabi/lib/thumb/v7e-m+fp/hard\libc_nano.a(lib_a-init.o)
                0x08001c2c                __libc_init_array
 .text.memset   0x08001c74       0x10 d:/gun arm embedded toolchain/10 2021.10/bin/../lib/gcc/arm-none-eabi/10.3.1/../../../../arm-none-eabi/lib/thumb/v7e-m+fp/hard\libc_nano.a(lib_a-memset.o)
                0x08001c74                memset
 *(.glue_7)
 .glue_7        0x08001c84        0x0 linker stubs
 *(.glue_7t)
 .glue_7t       0x08001c84        0x0 linker stubs
 *(.eh_frame)
 .eh_frame      0x08001c84        0x0 d:/gun arm embedded toolchain/10 2021.10/bin/../lib/gcc/arm-none-eabi/10.3.1/thumb/v7e-m+fp/hard/crtbegin.o
 *(.init)
 .init          0x08001c84        0x4 d:/gun arm embedded toolchain/10 2021.10/bin/../lib/gcc/arm-none-eabi/10.3.1/thumb/v7e-m+fp/hard/crti.o
                0x08001c84                _init
 .init          0x08001c88        0x8 d:/gun arm embedded toolchain/10 2021.10/bin/../lib/gcc/arm-none-eabi/10.3.1/thumb/v7e-m+fp/hard/crtn.o
 *(.fini)
 .fini          0x08001c90        0x4 d:/gun arm embedded toolchain/10 2021.10/bin/../lib/gcc/arm-none-eabi/10.3.1/thumb/v7e-m+fp/hard/crti.o
                0x08001c90                _fini
 .fini          0x08001c94        0x8 d:/gun arm embedded toolchain/10 2021.10/bin/../lib/gcc/arm-none-eabi/10.3.1/thumb/v7e-m+fp/hard/crtn.o
                0x08001c9c                . = ALIGN (0x4)
                0x08001c9c                _etext = .

.vfp11_veneer   0x08001c9c        0x0
 .vfp11_veneer  0x08001c9c        0x0 linker stubs

.v4_bx          0x08001c9c        0x0
 .v4_bx         0x08001c9c        0x0 linker stubs

.iplt           0x08001c9c        0x0
 .iplt          0x08001c9c        0x0 d:/gun arm embedded toolchain/10 2021.10/bin/../lib/gcc/arm-none-eabi/10.3.1/thumb/v7e-m+fp/hard/crtbegin.o

.rodata         0x08001c9c       0x18
                0x08001c9c                . = ALIGN (0x4)
 *(.rodata)
 *(.rodata*)
 .rodata.AHBPrescTable
                0x08001c9c       0x10 build/system_stm32f4xx.o
                0x08001c9c                AHBPrescTable
 .rodata.APBPrescTable
                0x08001cac        0x8 build/system_stm32f4xx.o
                0x08001cac                APBPrescTable
                0x08001cb4                . = ALIGN (0x4)

.ARM.extab
 *(.ARM.extab* .gnu.linkonce.armextab.*)

.ARM            0x08001cb4        0x8
                0x08001cb4                __exidx_start = .
 *(.ARM.exidx*)
 .ARM.exidx     0x08001cb4        0x8 d:/gun arm embedded toolchain/10 2021.10/bin/../lib/gcc/arm-none-eabi/10.3.1/thumb/v7e-m+fp/hard\libgcc.a(_udivmoddi4.o)
                0x08001cbc                __exidx_end = .

.rel.dyn        0x08001cbc        0x0
 .rel.iplt      0x08001cbc        0x0 d:/gun arm embedded toolchain/10 2021.10/bin/../lib/gcc/arm-none-eabi/10.3.1/thumb/v7e-m+fp/hard/crtbegin.o

.preinit_array  0x08001cbc        0x0
                0x08001cbc                PROVIDE (__preinit_array_start = .)
 *(.preinit_array*)
                0x08001cbc                PROVIDE (__preinit_array_end = .)

.init_array     0x08001cbc        0x4
                0x08001cbc                PROVIDE (__init_array_start = .)
 *(SORT_BY_NAME(.init_array.*))
 *(.init_array*)
 .init_array    0x08001cbc        0x4 d:/gun arm embedded toolchain/10 2021.10/bin/../lib/gcc/arm-none-eabi/10.3.1/thumb/v7e-m+fp/hard/crtbegin.o
                0x08001cc0                PROVIDE (__init_array_end = .)

.fini_array     0x08001cc0        0x4
                [!provide]                PROVIDE (__fini_array_start = .)
 *(SORT_BY_NAME(.fini_array.*))
 *(.fini_array*)
 .fini_array    0x08001cc0        0x4 d:/gun arm embedded toolchain/10 2021.10/bin/../lib/gcc/arm-none-eabi/10.3.1/thumb/v7e-m+fp/hard/crtbegin.o
                [!provide]                PROVIDE (__fini_array_end = .)
                0x08001cc4                _sidata = LOADADDR (.data)

.data           0x20000000        0xc load address 0x08001cc4
                0x20000000                . = ALIGN (0x4)
                0x20000000                _sdata = .
 *(.data)
 *(.data*)
 .data.uwTickFreq
                0x20000000        0x1 build/stm32f4xx_hal.o
                0x20000000                uwTickFreq
 *fill*         0x20000001        0x3 
 .data.uwTickPrio
                0x20000004        0x4 build/stm32f4xx_hal.o
                0x20000004                uwTickPrio
 .data.SystemCoreClock
                0x20000008        0x4 build/system_stm32f4xx.o
                0x20000008                SystemCoreClock
                0x2000000c                . = ALIGN (0x4)
                0x2000000c                _edata = .
                0x08001cd0                _siccmram = LOADADDR (.ccmram)

.igot.plt       0x2000000c        0x0 load address 0x08001cd0
 .igot.plt      0x2000000c        0x0 d:/gun arm embedded toolchain/10 2021.10/bin/../lib/gcc/arm-none-eabi/10.3.1/thumb/v7e-m+fp/hard/crtbegin.o

.ccmram         0x10000000        0x0 load address 0x08001cd0
                0x10000000                . = ALIGN (0x4)
                0x10000000                _sccmram = .
 *(.ccmram)
 *(.ccmram*)
                0x10000000                . = ALIGN (0x4)
                0x10000000                _eccmram = .
                0x10000000                . = ALIGN (0x4)

.bss            0x2000000c       0xac
                0x2000000c                _sbss = .
                0x2000000c                __bss_start__ = _sbss
 *(.bss)
 .bss           0x2000000c       0x1c d:/gun arm embedded toolchain/10 2021.10/bin/../lib/gcc/arm-none-eabi/10.3.1/thumb/v7e-m+fp/hard/crtbegin.o
 *(.bss*)
 .bss.husart1   0x20000028       0x44 build/usart.o
                0x20000028                husart1
 .bss.htim2     0x2000006c       0x48 build/timer.o
                0x2000006c                htim2
 .bss.uwTick    0x200000b4        0x4 build/stm32f4xx_hal.o
                0x200000b4                uwTick
 *(COMMON)
                0x200000b8                . = ALIGN (0x4)
                0x200000b8                _ebss = .
                0x200000b8                __bss_end__ = _ebss

._user_heap_stack
                0x200000b8      0x600
                0x200000b8                . = ALIGN (0x8)
                [!provide]                PROVIDE (end = .)
                [!provide]                PROVIDE (_end = .)
                0x200002b8                . = (. + _Min_Heap_Size)
 *fill*         0x200000b8      0x200 
                0x200006b8                . = (. + _Min_Stack_Size)
 *fill*         0x200002b8      0x400 
                0x200006b8                . = ALIGN (0x8)

/DISCARD/
 libc.a(*)
 libm.a(*)
 libgcc.a(*)

.ARM.attributes
                0x00000000       0x30
 *(.ARM.attributes)
 .ARM.attributes
                0x00000000       0x1e d:/gun arm embedded toolchain/10 2021.10/bin/../lib/gcc/arm-none-eabi/10.3.1/thumb/v7e-m+fp/hard/crti.o
 .ARM.attributes
                0x0000001e       0x34 d:/gun arm embedded toolchain/10 2021.10/bin/../lib/gcc/arm-none-eabi/10.3.1/thumb/v7e-m+fp/hard/crtbegin.o
 .ARM.attributes
                0x00000052       0x34 build/main.o
 .ARM.attributes
                0x00000086       0x34 build/led.o
 .ARM.attributes
                0x000000ba       0x34 build/usart.o
 .ARM.attributes
                0x000000ee       0x34 build/timer.o
 .ARM.attributes
                0x00000122       0x34 build/sysclock.o
 .ARM.attributes
                0x00000156       0x34 build/stm32f4xx_it.o
 .ARM.attributes
                0x0000018a       0x34 build/stm32f4xx_hal_msp.o
 .ARM.attributes
                0x000001be       0x34 build/stm32f4xx_hal_tim.o
 .ARM.attributes
                0x000001f2       0x34 build/stm32f4xx_hal_tim_ex.o
 .ARM.attributes
                0x00000226       0x34 build/stm32f4xx_hal_rcc.o
 .ARM.attributes
                0x0000025a       0x34 build/stm32f4xx_hal_gpio.o
 .ARM.attributes
                0x0000028e       0x34 build/stm32f4xx_hal_dma.o
 .ARM.attributes
                0x000002c2       0x34 build/stm32f4xx_hal_cortex.o
 .ARM.attributes
                0x000002f6       0x34 build/stm32f4xx_hal.o
 .ARM.attributes
                0x0000032a       0x34 build/stm32f4xx_hal_usart.o
 .ARM.attributes
                0x0000035e       0x34 build/system_stm32f4xx.o
 .ARM.attributes
                0x00000392       0x21 build/startup_stm32f429xx.o
 .ARM.attributes
                0x000003b3       0x34 d:/gun arm embedded toolchain/10 2021.10/bin/../lib/gcc/arm-none-eabi/10.3.1/../../../../arm-none-eabi/lib/thumb/v7e-m+fp/hard\libc_nano.a(lib_a-init.o)
 .ARM.attributes
                0x000003e7       0x34 d:/gun arm embedded toolchain/10 2021.10/bin/../lib/gcc/arm-none-eabi/10.3.1/../../../../arm-none-eabi/lib/thumb/v7e-m+fp/hard\libc_nano.a(lib_a-memset.o)
 .ARM.attributes
                0x0000041b       0x1e d:/gun arm embedded toolchain/10 2021.10/bin/../lib/gcc/arm-none-eabi/10.3.1/thumb/v7e-m+fp/hard\libgcc.a(_aeabi_uldivmod.o)
 .ARM.attributes
                0x00000439       0x34 d:/gun arm embedded toolchain/10 2021.10/bin/../lib/gcc/arm-none-eabi/10.3.1/thumb/v7e-m+fp/hard\libgcc.a(_udivmoddi4.o)
 .ARM.attributes
                0x0000046d       0x1e d:/gun arm embedded toolchain/10 2021.10/bin/../lib/gcc/arm-none-eabi/10.3.1/thumb/v7e-m+fp/hard\libgcc.a(_dvmd_tls.o)
 .ARM.attributes
                0x0000048b       0x1e d:/gun arm embedded toolchain/10 2021.10/bin/../lib/gcc/arm-none-eabi/10.3.1/thumb/v7e-m+fp/hard/crtn.o
OUTPUT(build/learning.elf elf32-littlearm)
LOAD linker stubs
LOAD d:/gun arm embedded toolchain/10 2021.10/bin/../lib/gcc/arm-none-eabi/10.3.1/../../../../arm-none-eabi/lib/thumb/v7e-m+fp/hard\libc.a
LOAD d:/gun arm embedded toolchain/10 2021.10/bin/../lib/gcc/arm-none-eabi/10.3.1/../../../../arm-none-eabi/lib/thumb/v7e-m+fp/hard\libm.a
LOAD d:/gun arm embedded toolchain/10 2021.10/bin/../lib/gcc/arm-none-eabi/10.3.1/thumb/v7e-m+fp/hard\libgcc.a

.debug_info     0x00000000     0xf032
 .debug_info    0x00000000      0x144 build/main.o
 .debug_info    0x00000144      0x4e5 build/led.o
 .debug_info    0x00000629      0x672 build/usart.o
 .debug_info    0x00000c9b      0x87f build/timer.o
 .debug_info    0x0000151a      0x594 build/sysclock.o
 .debug_info    0x00001aae      0xad2 build/stm32f4xx_it.o
 .debug_info    0x00002580     0x1192 build/stm32f4xx_hal_msp.o
 .debug_info    0x00003712     0x4061 build/stm32f4xx_hal_tim.o
 .debug_info    0x00007773     0x1c6a build/stm32f4xx_hal_tim_ex.o
 .debug_info    0x000093dd      0xc08 build/stm32f4xx_hal_rcc.o
 .debug_info    0x00009fe5      0x86a build/stm32f4xx_hal_gpio.o
 .debug_info    0x0000a84f      0xbd1 build/stm32f4xx_hal_dma.o
 .debug_info    0x0000b420     0x11aa build/stm32f4xx_hal_cortex.o
 .debug_info    0x0000c5ca      0xb55 build/stm32f4xx_hal.o
 .debug_info    0x0000d11f     0x191c build/stm32f4xx_hal_usart.o
 .debug_info    0x0000ea3b      0x5d5 build/system_stm32f4xx.o
 .debug_info    0x0000f010       0x22 build/startup_stm32f429xx.o

.debug_abbrev   0x00000000     0x2045
 .debug_abbrev  0x00000000       0xac build/main.o
 .debug_abbrev  0x000000ac      0x151 build/led.o
 .debug_abbrev  0x000001fd      0x171 build/usart.o
 .debug_abbrev  0x0000036e      0x1a0 build/timer.o
 .debug_abbrev  0x0000050e      0x177 build/sysclock.o
 .debug_abbrev  0x00000685      0x197 build/stm32f4xx_it.o
 .debug_abbrev  0x0000081c      0x1d6 build/stm32f4xx_hal_msp.o
 .debug_abbrev  0x000009f2      0x282 build/stm32f4xx_hal_tim.o
 .debug_abbrev  0x00000c74      0x298 build/stm32f4xx_hal_tim_ex.o
 .debug_abbrev  0x00000f0c      0x2aa build/stm32f4xx_hal_rcc.o
 .debug_abbrev  0x000011b6      0x22b build/stm32f4xx_hal_gpio.o
 .debug_abbrev  0x000013e1      0x2ff build/stm32f4xx_hal_dma.o
 .debug_abbrev  0x000016e0      0x382 build/stm32f4xx_hal_cortex.o
 .debug_abbrev  0x00001a62      0x209 build/stm32f4xx_hal.o
 .debug_abbrev  0x00001c6b      0x2ad build/stm32f4xx_hal_usart.o
 .debug_abbrev  0x00001f18      0x11b build/system_stm32f4xx.o
 .debug_abbrev  0x00002033       0x12 build/startup_stm32f429xx.o

.debug_loc      0x00000000     0xc06a
 .debug_loc     0x00000000       0x20 build/main.o
 .debug_loc     0x00000020       0x38 build/led.o
 .debug_loc     0x00000058       0x20 build/usart.o
 .debug_loc     0x00000078       0x44 build/timer.o
 .debug_loc     0x000000bc       0x46 build/sysclock.o
 .debug_loc     0x00000102       0x60 build/stm32f4xx_it.o
 .debug_loc     0x00000162      0x1d3 build/stm32f4xx_hal_msp.o
 .debug_loc     0x00000335     0x5ba0 build/stm32f4xx_hal_tim.o
 .debug_loc     0x00005ed5     0x2137 build/stm32f4xx_hal_tim_ex.o
 .debug_loc     0x0000800c      0x6e4 build/stm32f4xx_hal_rcc.o
 .debug_loc     0x000086f0      0x5e8 build/stm32f4xx_hal_gpio.o
 .debug_loc     0x00008cd8      0xd6d build/stm32f4xx_hal_dma.o
 .debug_loc     0x00009a45      0x7a4 build/stm32f4xx_hal_cortex.o
 .debug_loc     0x0000a1e9      0x1e1 build/stm32f4xx_hal.o
 .debug_loc     0x0000a3ca     0x1b48 build/stm32f4xx_hal_usart.o
 .debug_loc     0x0000bf12      0x158 build/system_stm32f4xx.o

.debug_aranges  0x00000000      0xb70
 .debug_aranges
                0x00000000       0x28 build/main.o
 .debug_aranges
                0x00000028       0x20 build/led.o
 .debug_aranges
                0x00000048       0x20 build/usart.o
 .debug_aranges
                0x00000068       0x20 build/timer.o
 .debug_aranges
                0x00000088       0x20 build/sysclock.o
 .debug_aranges
                0x000000a8       0x70 build/stm32f4xx_it.o
 .debug_aranges
                0x00000118       0x40 build/stm32f4xx_hal_msp.o
 .debug_aranges
                0x00000158      0x3d0 build/stm32f4xx_hal_tim.o
 .debug_aranges
                0x00000528      0x168 build/stm32f4xx_hal_tim_ex.o
 .debug_aranges
                0x00000690       0x88 build/stm32f4xx_hal_rcc.o
 .debug_aranges
                0x00000718       0x58 build/stm32f4xx_hal_gpio.o
 .debug_aranges
                0x00000770       0x90 build/stm32f4xx_hal_dma.o
 .debug_aranges
                0x00000800       0xa8 build/stm32f4xx_hal_cortex.o
 .debug_aranges
                0x000008a8      0x100 build/stm32f4xx_hal.o
 .debug_aranges
                0x000009a8      0x178 build/stm32f4xx_hal_usart.o
 .debug_aranges
                0x00000b20       0x28 build/system_stm32f4xx.o
 .debug_aranges
                0x00000b48       0x28 build/startup_stm32f429xx.o

.debug_ranges   0x00000000      0xae0
 .debug_ranges  0x00000000       0x18 build/main.o
 .debug_ranges  0x00000018       0x10 build/led.o
 .debug_ranges  0x00000028       0x10 build/usart.o
 .debug_ranges  0x00000038       0x10 build/timer.o
 .debug_ranges  0x00000048       0x10 build/sysclock.o
 .debug_ranges  0x00000058       0x60 build/stm32f4xx_it.o
 .debug_ranges  0x000000b8       0x30 build/stm32f4xx_hal_msp.o
 .debug_ranges  0x000000e8      0x3c0 build/stm32f4xx_hal_tim.o
 .debug_ranges  0x000004a8      0x158 build/stm32f4xx_hal_tim_ex.o
 .debug_ranges  0x00000600       0x90 build/stm32f4xx_hal_rcc.o
 .debug_ranges  0x00000690       0x48 build/stm32f4xx_hal_gpio.o
 .debug_ranges  0x000006d8       0x80 build/stm32f4xx_hal_dma.o
 .debug_ranges  0x00000758       0xf8 build/stm32f4xx_hal_cortex.o
 .debug_ranges  0x00000850       0xf0 build/stm32f4xx_hal.o
 .debug_ranges  0x00000940      0x168 build/stm32f4xx_hal_usart.o
 .debug_ranges  0x00000aa8       0x18 build/system_stm32f4xx.o
 .debug_ranges  0x00000ac0       0x20 build/startup_stm32f429xx.o

.debug_line     0x00000000     0xc282
 .debug_line    0x00000000      0x11d build/main.o
 .debug_line    0x0000011d      0x19f build/led.o
 .debug_line    0x000002bc      0x204 build/usart.o
 .debug_line    0x000004c0      0x242 build/timer.o
 .debug_line    0x00000702      0x264 build/sysclock.o
 .debug_line    0x00000966      0x2ed build/stm32f4xx_it.o
 .debug_line    0x00000c53      0x2f3 build/stm32f4xx_hal_msp.o
 .debug_line    0x00000f46     0x4a8e build/stm32f4xx_hal_tim.o
 .debug_line    0x000059d4     0x1cb2 build/stm32f4xx_hal_tim_ex.o
 .debug_line    0x00007686      0xafb build/stm32f4xx_hal_rcc.o
 .debug_line    0x00008181      0x6e2 build/stm32f4xx_hal_gpio.o
 .debug_line    0x00008863      0xe11 build/stm32f4xx_hal_dma.o
 .debug_line    0x00009674      0x764 build/stm32f4xx_hal_cortex.o
 .debug_line    0x00009dd8      0x589 build/stm32f4xx_hal.o
 .debug_line    0x0000a361     0x1c6f build/stm32f4xx_hal_usart.o
 .debug_line    0x0000bfd0      0x23c build/system_stm32f4xx.o
 .debug_line    0x0000c20c       0x76 build/startup_stm32f429xx.o

.debug_str      0x00000000     0x39fc
 .debug_str     0x00000000      0x1a0 build/main.o
                                0x1d4 (size before relaxing)
 .debug_str     0x000001a0      0x1da build/led.o
                                0x361 (size before relaxing)
 .debug_str     0x0000037a      0x413 build/usart.o
                                0x605 (size before relaxing)
 .debug_str     0x0000078d      0x3a8 build/timer.o
                                0x7e6 (size before relaxing)
 .debug_str     0x00000b35      0x165 build/sysclock.o
                                0x44d (size before relaxing)
 .debug_str     0x00000c9a       0xfe build/stm32f4xx_it.o
                                0x97b (size before relaxing)
 .debug_str     0x00000d98      0x62a build/stm32f4xx_hal_msp.o
                               0x1025 (size before relaxing)
 .debug_str     0x000013c2      0xe92 build/stm32f4xx_hal_tim.o
                               0x169c (size before relaxing)
 .debug_str     0x00002254      0x521 build/stm32f4xx_hal_tim_ex.o
                                0xe9d (size before relaxing)
 .debug_str     0x00002775      0x22f build/stm32f4xx_hal_rcc.o
                                0x6fc (size before relaxing)
 .debug_str     0x000029a4      0x125 build/stm32f4xx_hal_gpio.o
                                0x4d6 (size before relaxing)
 .debug_str     0x00002ac9      0x2de build/stm32f4xx_hal_dma.o
                                0x759 (size before relaxing)
 .debug_str     0x00002da7      0x4d5 build/stm32f4xx_hal_cortex.o
                                0xc73 (size before relaxing)
 .debug_str     0x0000327c      0x2da build/stm32f4xx_hal.o
                                0xbef (size before relaxing)
 .debug_str     0x00003556      0x43b build/stm32f4xx_hal_usart.o
                                0xb60 (size before relaxing)
 .debug_str     0x00003991       0x47 build/system_stm32f4xx.o
                                0x36b (size before relaxing)
 .debug_str     0x000039d8       0x24 build/startup_stm32f429xx.o
                                 0x4d (size before relaxing)

.comment        0x00000000       0x49
 .comment       0x00000000       0x49 build/main.o
                                 0x4a (size before relaxing)
 .comment       0x00000049       0x4a build/led.o
 .comment       0x00000049       0x4a build/usart.o
 .comment       0x00000049       0x4a build/timer.o
 .comment       0x00000049       0x4a build/sysclock.o
 .comment       0x00000049       0x4a build/stm32f4xx_it.o
 .comment       0x00000049       0x4a build/stm32f4xx_hal_msp.o
 .comment       0x00000049       0x4a build/stm32f4xx_hal_tim.o
 .comment       0x00000049       0x4a build/stm32f4xx_hal_tim_ex.o
 .comment       0x00000049       0x4a build/stm32f4xx_hal_rcc.o
 .comment       0x00000049       0x4a build/stm32f4xx_hal_gpio.o
 .comment       0x00000049       0x4a build/stm32f4xx_hal_dma.o
 .comment       0x00000049       0x4a build/stm32f4xx_hal_cortex.o
 .comment       0x00000049       0x4a build/stm32f4xx_hal.o
 .comment       0x00000049       0x4a build/stm32f4xx_hal_usart.o
 .comment       0x00000049       0x4a build/system_stm32f4xx.o

.debug_frame    0x00000000     0x1d84
 .debug_frame   0x00000000       0x38 build/main.o
 .debug_frame   0x00000038       0x30 build/led.o
 .debug_frame   0x00000068       0x28 build/usart.o
 .debug_frame   0x00000090       0x30 build/timer.o
 .debug_frame   0x000000c0       0x30 build/sysclock.o
 .debug_frame   0x000000f0       0xd8 build/stm32f4xx_it.o
 .debug_frame   0x000001c8       0x94 build/stm32f4xx_hal_msp.o
 .debug_frame   0x0000025c      0xb0c build/stm32f4xx_hal_tim.o
 .debug_frame   0x00000d68      0x40c build/stm32f4xx_hal_tim_ex.o
 .debug_frame   0x00001174      0x16c build/stm32f4xx_hal_rcc.o
 .debug_frame   0x000012e0       0xd8 build/stm32f4xx_hal_gpio.o
 .debug_frame   0x000013b8      0x188 build/stm32f4xx_hal_dma.o
 .debug_frame   0x00001540      0x148 build/stm32f4xx_hal_cortex.o
 .debug_frame   0x00001688      0x20c build/stm32f4xx_hal.o
 .debug_frame   0x00001894      0x414 build/stm32f4xx_hal_usart.o
 .debug_frame   0x00001ca8       0x30 build/system_stm32f4xx.o
 .debug_frame   0x00001cd8       0x2c d:/gun arm embedded toolchain/10 2021.10/bin/../lib/gcc/arm-none-eabi/10.3.1/../../../../arm-none-eabi/lib/thumb/v7e-m+fp/hard\libc_nano.a(lib_a-init.o)
 .debug_frame   0x00001d04       0x20 d:/gun arm embedded toolchain/10 2021.10/bin/../lib/gcc/arm-none-eabi/10.3.1/../../../../arm-none-eabi/lib/thumb/v7e-m+fp/hard\libc_nano.a(lib_a-memset.o)
 .debug_frame   0x00001d24       0x2c d:/gun arm embedded toolchain/10 2021.10/bin/../lib/gcc/arm-none-eabi/10.3.1/thumb/v7e-m+fp/hard\libgcc.a(_aeabi_uldivmod.o)
 .debug_frame   0x00001d50       0x34 d:/gun arm embedded toolchain/10 2021.10/bin/../lib/gcc/arm-none-eabi/10.3.1/thumb/v7e-m+fp/hard\libgcc.a(_udivmoddi4.o)

Cross Reference Table

Symbol                                            File
ADC_IRQHandler                                    build/startup_stm32f429xx.o
AHBPrescTable                                     build/system_stm32f4xx.o
                                                  build/stm32f4xx_hal_rcc.o
APBPrescTable                                     build/system_stm32f4xx.o
                                                  build/stm32f4xx_hal_rcc.o
BusFault_Handler                                  build/stm32f4xx_it.o
CAN1_RX0_IRQHandler                               build/startup_stm32f429xx.o
CAN1_RX1_IRQHandler                               build/startup_stm32f429xx.o
CAN1_SCE_IRQHandler                               build/startup_stm32f429xx.o
CAN1_TX_IRQHandler                                build/startup_stm32f429xx.o
CAN2_RX0_IRQHandler                               build/startup_stm32f429xx.o
CAN2_RX1_IRQHandler                               build/startup_stm32f429xx.o
CAN2_SCE_IRQHandler                               build/startup_stm32f429xx.o
CAN2_TX_IRQHandler                                build/startup_stm32f429xx.o
DCMI_IRQHandler                                   build/startup_stm32f429xx.o
DMA1_Stream0_IRQHandler                           build/startup_stm32f429xx.o
DMA1_Stream1_IRQHandler                           build/startup_stm32f429xx.o
DMA1_Stream2_IRQHandler                           build/startup_stm32f429xx.o
DMA1_Stream3_IRQHandler                           build/startup_stm32f429xx.o
DMA1_Stream4_IRQHandler                           build/startup_stm32f429xx.o
DMA1_Stream5_IRQHandler                           build/startup_stm32f429xx.o
DMA1_Stream6_IRQHandler                           build/startup_stm32f429xx.o
DMA1_Stream7_IRQHandler                           build/startup_stm32f429xx.o
DMA2D_IRQHandler                                  build/startup_stm32f429xx.o
DMA2_Stream0_IRQHandler                           build/startup_stm32f429xx.o
DMA2_Stream1_IRQHandler                           build/startup_stm32f429xx.o
DMA2_Stream2_IRQHandler                           build/startup_stm32f429xx.o
DMA2_Stream3_IRQHandler                           build/startup_stm32f429xx.o
DMA2_Stream4_IRQHandler                           build/startup_stm32f429xx.o
DMA2_Stream5_IRQHandler                           build/startup_stm32f429xx.o
DMA2_Stream6_IRQHandler                           build/startup_stm32f429xx.o
DMA2_Stream7_IRQHandler                           build/startup_stm32f429xx.o
DebugMon_Handler                                  build/stm32f4xx_it.o
Default_Handler                                   build/startup_stm32f429xx.o
ETH_IRQHandler                                    build/startup_stm32f429xx.o
ETH_WKUP_IRQHandler                               build/startup_stm32f429xx.o
EXTI0_IRQHandler                                  build/startup_stm32f429xx.o
EXTI15_10_IRQHandler                              build/startup_stm32f429xx.o
EXTI1_IRQHandler                                  build/startup_stm32f429xx.o
EXTI2_IRQHandler                                  build/startup_stm32f429xx.o
EXTI3_IRQHandler                                  build/startup_stm32f429xx.o
EXTI4_IRQHandler                                  build/startup_stm32f429xx.o
EXTI9_5_IRQHandler                                build/startup_stm32f429xx.o
Error_Handler                                     build/main.o
                                                  build/sysclock.o
                                                  build/timer.o
                                                  build/usart.o
FLASH_Erase_Sector                                build/stm32f4xx_hal_flash_ex.o
                                                  build/stm32f4xx_hal_flash.o
FLASH_FlushCaches                                 build/stm32f4xx_hal_flash_ex.o
                                                  build/stm32f4xx_hal_flash.o
FLASH_IRQHandler                                  build/startup_stm32f429xx.o
FLASH_WaitForLastOperation                        build/stm32f4xx_hal_flash.o
                                                  build/stm32f4xx_hal_flash_ex.o
FMC_IRQHandler                                    build/startup_stm32f429xx.o
FPU_IRQHandler                                    build/startup_stm32f429xx.o
HAL_DBGMCU_DisableDBGSleepMode                    build/stm32f4xx_hal.o
HAL_DBGMCU_DisableDBGStandbyMode                  build/stm32f4xx_hal.o
HAL_DBGMCU_DisableDBGStopMode                     build/stm32f4xx_hal.o
HAL_DBGMCU_EnableDBGSleepMode                     build/stm32f4xx_hal.o
HAL_DBGMCU_EnableDBGStandbyMode                   build/stm32f4xx_hal.o
HAL_DBGMCU_EnableDBGStopMode                      build/stm32f4xx_hal.o
HAL_DMAEx_ChangeMemory                            build/stm32f4xx_hal_dma_ex.o
HAL_DMAEx_MultiBufferStart                        build/stm32f4xx_hal_dma_ex.o
HAL_DMAEx_MultiBufferStart_IT                     build/stm32f4xx_hal_dma_ex.o
HAL_DMA_Abort                                     build/stm32f4xx_hal_dma.o
                                                  build/stm32f4xx_hal_usart.o
HAL_DMA_Abort_IT                                  build/stm32f4xx_hal_dma.o
                                                  build/stm32f4xx_hal_usart.o
                                                  build/stm32f4xx_hal_tim_ex.o
                                                  build/stm32f4xx_hal_tim.o
HAL_DMA_DeInit                                    build/stm32f4xx_hal_dma.o
HAL_DMA_GetError                                  build/stm32f4xx_hal_dma.o
HAL_DMA_GetState                                  build/stm32f4xx_hal_dma.o
HAL_DMA_IRQHandler                                build/stm32f4xx_hal_dma.o
HAL_DMA_Init                                      build/stm32f4xx_hal_dma.o
HAL_DMA_PollForTransfer                           build/stm32f4xx_hal_dma.o
HAL_DMA_RegisterCallback                          build/stm32f4xx_hal_dma.o
HAL_DMA_Start                                     build/stm32f4xx_hal_dma.o
HAL_DMA_Start_IT                                  build/stm32f4xx_hal_dma.o
                                                  build/stm32f4xx_hal_usart.o
                                                  build/stm32f4xx_hal_tim_ex.o
                                                  build/stm32f4xx_hal_tim.o
HAL_DMA_UnRegisterCallback                        build/stm32f4xx_hal_dma.o
HAL_DeInit                                        build/stm32f4xx_hal.o
HAL_Delay                                         build/stm32f4xx_hal.o
HAL_DisableCompensationCell                       build/stm32f4xx_hal.o
HAL_DisableMemorySwappingBank                     build/stm32f4xx_hal.o
HAL_EXTI_ClearConfigLine                          build/stm32f4xx_hal_exti.o
HAL_EXTI_ClearPending                             build/stm32f4xx_hal_exti.o
HAL_EXTI_GenerateSWI                              build/stm32f4xx_hal_exti.o
HAL_EXTI_GetConfigLine                            build/stm32f4xx_hal_exti.o
HAL_EXTI_GetHandle                                build/stm32f4xx_hal_exti.o
HAL_EXTI_GetPending                               build/stm32f4xx_hal_exti.o
HAL_EXTI_IRQHandler                               build/stm32f4xx_hal_exti.o
HAL_EXTI_RegisterCallback                         build/stm32f4xx_hal_exti.o
HAL_EXTI_SetConfigLine                            build/stm32f4xx_hal_exti.o
HAL_EnableCompensationCell                        build/stm32f4xx_hal.o
HAL_EnableMemorySwappingBank                      build/stm32f4xx_hal.o
HAL_FLASHEx_AdvOBGetConfig                        build/stm32f4xx_hal_flash_ex.o
HAL_FLASHEx_AdvOBProgram                          build/stm32f4xx_hal_flash_ex.o
HAL_FLASHEx_Erase                                 build/stm32f4xx_hal_flash_ex.o
HAL_FLASHEx_Erase_IT                              build/stm32f4xx_hal_flash_ex.o
HAL_FLASHEx_OBGetConfig                           build/stm32f4xx_hal_flash_ex.o
HAL_FLASHEx_OBProgram                             build/stm32f4xx_hal_flash_ex.o
HAL_FLASHEx_OB_DeSelectPCROP                      build/stm32f4xx_hal_flash_ex.o
HAL_FLASHEx_OB_GetBank2WRP                        build/stm32f4xx_hal_flash_ex.o
HAL_FLASHEx_OB_SelectPCROP                        build/stm32f4xx_hal_flash_ex.o
HAL_FLASH_EndOfOperationCallback                  build/stm32f4xx_hal_flash.o
HAL_FLASH_GetError                                build/stm32f4xx_hal_flash.o
HAL_FLASH_IRQHandler                              build/stm32f4xx_hal_flash.o
HAL_FLASH_Lock                                    build/stm32f4xx_hal_flash.o
HAL_FLASH_OB_Launch                               build/stm32f4xx_hal_flash.o
HAL_FLASH_OB_Lock                                 build/stm32f4xx_hal_flash.o
HAL_FLASH_OB_Unlock                               build/stm32f4xx_hal_flash.o
HAL_FLASH_OperationErrorCallback                  build/stm32f4xx_hal_flash.o
HAL_FLASH_Program                                 build/stm32f4xx_hal_flash.o
HAL_FLASH_Program_IT                              build/stm32f4xx_hal_flash.o
HAL_FLASH_Unlock                                  build/stm32f4xx_hal_flash.o
HAL_GPIO_DeInit                                   build/stm32f4xx_hal_gpio.o
                                                  build/stm32f4xx_hal_msp.o
HAL_GPIO_EXTI_Callback                            build/stm32f4xx_hal_gpio.o
HAL_GPIO_EXTI_IRQHandler                          build/stm32f4xx_hal_gpio.o
HAL_GPIO_Init                                     build/stm32f4xx_hal_gpio.o
                                                  build/stm32f4xx_hal_rcc.o
                                                  build/stm32f4xx_hal_msp.o
                                                  build/led.o
HAL_GPIO_LockPin                                  build/stm32f4xx_hal_gpio.o
HAL_GPIO_ReadPin                                  build/stm32f4xx_hal_gpio.o
HAL_GPIO_TogglePin                                build/stm32f4xx_hal_gpio.o
HAL_GPIO_WritePin                                 build/stm32f4xx_hal_gpio.o
                                                  build/led.o
HAL_GetDEVID                                      build/stm32f4xx_hal.o
HAL_GetHalVersion                                 build/stm32f4xx_hal.o
HAL_GetREVID                                      build/stm32f4xx_hal.o
HAL_GetTick                                       build/stm32f4xx_hal.o
                                                  build/stm32f4xx_hal_usart.o
                                                  build/stm32f4xx_hal_pwr_ex.o
                                                  build/stm32f4xx_hal_dma.o
                                                  build/stm32f4xx_hal_flash.o
                                                  build/stm32f4xx_hal_rcc_ex.o
                                                  build/stm32f4xx_hal_rcc.o
HAL_GetTickFreq                                   build/stm32f4xx_hal.o
HAL_GetTickPrio                                   build/stm32f4xx_hal.o
HAL_GetUIDw0                                      build/stm32f4xx_hal.o
HAL_GetUIDw1                                      build/stm32f4xx_hal.o
HAL_GetUIDw2                                      build/stm32f4xx_hal.o
HAL_IncTick                                       build/stm32f4xx_hal.o
                                                  build/stm32f4xx_it.o
HAL_Init                                          build/stm32f4xx_hal.o
                                                  build/main.o
HAL_InitTick                                      build/stm32f4xx_hal.o
                                                  build/stm32f4xx_hal_rcc_ex.o
                                                  build/stm32f4xx_hal_rcc.o
HAL_MPU_ConfigRegion                              build/stm32f4xx_hal_cortex.o
HAL_MPU_Disable                                   build/stm32f4xx_hal_cortex.o
HAL_MPU_Enable                                    build/stm32f4xx_hal_cortex.o
HAL_MspDeInit                                     build/stm32f4xx_hal.o
HAL_MspInit                                       build/stm32f4xx_hal_msp.o
HAL_NVIC_ClearPendingIRQ                          build/stm32f4xx_hal_cortex.o
HAL_NVIC_DisableIRQ                               build/stm32f4xx_hal_cortex.o
                                                  build/stm32f4xx_hal_msp.o
HAL_NVIC_EnableIRQ                                build/stm32f4xx_hal_cortex.o
                                                  build/stm32f4xx_hal_msp.o
HAL_NVIC_GetActive                                build/stm32f4xx_hal_cortex.o
HAL_NVIC_GetPendingIRQ                            build/stm32f4xx_hal_cortex.o
HAL_NVIC_GetPriority                              build/stm32f4xx_hal_cortex.o
HAL_NVIC_GetPriorityGrouping                      build/stm32f4xx_hal_cortex.o
HAL_NVIC_SetPendingIRQ                            build/stm32f4xx_hal_cortex.o
HAL_NVIC_SetPriority                              build/stm32f4xx_hal_cortex.o
                                                  build/stm32f4xx_hal.o
                                                  build/stm32f4xx_hal_msp.o
HAL_NVIC_SetPriorityGrouping                      build/stm32f4xx_hal_cortex.o
                                                  build/stm32f4xx_hal.o
HAL_NVIC_SystemReset                              build/stm32f4xx_hal_cortex.o
HAL_PWREx_ControlVoltageScaling                   build/stm32f4xx_hal_pwr_ex.o
HAL_PWREx_DisableBkUpReg                          build/stm32f4xx_hal_pwr_ex.o
HAL_PWREx_DisableFlashPowerDown                   build/stm32f4xx_hal_pwr_ex.o
HAL_PWREx_DisableOverDrive                        build/stm32f4xx_hal_pwr_ex.o
HAL_PWREx_EnableBkUpReg                           build/stm32f4xx_hal_pwr_ex.o
HAL_PWREx_EnableFlashPowerDown                    build/stm32f4xx_hal_pwr_ex.o
HAL_PWREx_EnableOverDrive                         build/stm32f4xx_hal_pwr_ex.o
HAL_PWREx_EnterUnderDriveSTOPMode                 build/stm32f4xx_hal_pwr_ex.o
HAL_PWREx_GetVoltageRange                         build/stm32f4xx_hal_pwr_ex.o
HAL_PWR_ConfigPVD                                 build/stm32f4xx_hal_pwr.o
HAL_PWR_DeInit                                    build/stm32f4xx_hal_pwr.o
HAL_PWR_DisableBkUpAccess                         build/stm32f4xx_hal_pwr.o
HAL_PWR_DisablePVD                                build/stm32f4xx_hal_pwr.o
HAL_PWR_DisableSEVOnPend                          build/stm32f4xx_hal_pwr.o
HAL_PWR_DisableSleepOnExit                        build/stm32f4xx_hal_pwr.o
HAL_PWR_DisableWakeUpPin                          build/stm32f4xx_hal_pwr.o
HAL_PWR_EnableBkUpAccess                          build/stm32f4xx_hal_pwr.o
HAL_PWR_EnablePVD                                 build/stm32f4xx_hal_pwr.o
HAL_PWR_EnableSEVOnPend                           build/stm32f4xx_hal_pwr.o
HAL_PWR_EnableSleepOnExit                         build/stm32f4xx_hal_pwr.o
HAL_PWR_EnableWakeUpPin                           build/stm32f4xx_hal_pwr.o
HAL_PWR_EnterSLEEPMode                            build/stm32f4xx_hal_pwr.o
HAL_PWR_EnterSTANDBYMode                          build/stm32f4xx_hal_pwr.o
HAL_PWR_EnterSTOPMode                             build/stm32f4xx_hal_pwr.o
HAL_PWR_PVDCallback                               build/stm32f4xx_hal_pwr.o
HAL_PWR_PVD_IRQHandler                            build/stm32f4xx_hal_pwr.o
HAL_RCCEx_DisablePLLI2S                           build/stm32f4xx_hal_rcc_ex.o
HAL_RCCEx_DisablePLLSAI                           build/stm32f4xx_hal_rcc_ex.o
HAL_RCCEx_EnablePLLI2S                            build/stm32f4xx_hal_rcc_ex.o
HAL_RCCEx_EnablePLLSAI                            build/stm32f4xx_hal_rcc_ex.o
HAL_RCCEx_GetPeriphCLKConfig                      build/stm32f4xx_hal_rcc_ex.o
HAL_RCCEx_GetPeriphCLKFreq                        build/stm32f4xx_hal_rcc_ex.o
HAL_RCCEx_PeriphCLKConfig                         build/stm32f4xx_hal_rcc_ex.o
HAL_RCC_CSSCallback                               build/stm32f4xx_hal_rcc.o
HAL_RCC_ClockConfig                               build/stm32f4xx_hal_rcc.o
                                                  build/sysclock.o
HAL_RCC_DeInit                                    build/stm32f4xx_hal_rcc_ex.o
                                                  build/stm32f4xx_hal_rcc.o
HAL_RCC_DisableCSS                                build/stm32f4xx_hal_rcc.o
HAL_RCC_EnableCSS                                 build/stm32f4xx_hal_rcc.o
HAL_RCC_GetClockConfig                            build/stm32f4xx_hal_rcc.o
HAL_RCC_GetHCLKFreq                               build/stm32f4xx_hal_rcc.o
HAL_RCC_GetOscConfig                              build/stm32f4xx_hal_rcc.o
HAL_RCC_GetPCLK1Freq                              build/stm32f4xx_hal_rcc.o
                                                  build/stm32f4xx_hal_usart.o
HAL_RCC_GetPCLK2Freq                              build/stm32f4xx_hal_rcc.o
                                                  build/stm32f4xx_hal_usart.o
HAL_RCC_GetSysClockFreq                           build/stm32f4xx_hal_rcc.o
HAL_RCC_MCOConfig                                 build/stm32f4xx_hal_rcc.o
HAL_RCC_NMI_IRQHandler                            build/stm32f4xx_hal_rcc.o
HAL_RCC_OscConfig                                 build/stm32f4xx_hal_rcc.o
                                                  build/sysclock.o
HAL_ResumeTick                                    build/stm32f4xx_hal.o
HAL_SYSTICK_CLKSourceConfig                       build/stm32f4xx_hal_cortex.o
HAL_SYSTICK_Callback                              build/stm32f4xx_hal_cortex.o
HAL_SYSTICK_Config                                build/stm32f4xx_hal_cortex.o
                                                  build/stm32f4xx_hal.o
HAL_SYSTICK_IRQHandler                            build/stm32f4xx_hal_cortex.o
HAL_SetTickFreq                                   build/stm32f4xx_hal.o
HAL_SuspendTick                                   build/stm32f4xx_hal.o
HAL_TIMEx_BreakCallback                           build/stm32f4xx_hal_tim_ex.o
                                                  build/stm32f4xx_hal_tim.o
HAL_TIMEx_CommutCallback                          build/stm32f4xx_hal_tim_ex.o
                                                  build/stm32f4xx_hal_tim.o
HAL_TIMEx_CommutHalfCpltCallback                  build/stm32f4xx_hal_tim_ex.o
HAL_TIMEx_ConfigBreakDeadTime                     build/stm32f4xx_hal_tim_ex.o
HAL_TIMEx_ConfigCommutEvent                       build/stm32f4xx_hal_tim_ex.o
HAL_TIMEx_ConfigCommutEvent_DMA                   build/stm32f4xx_hal_tim_ex.o
HAL_TIMEx_ConfigCommutEvent_IT                    build/stm32f4xx_hal_tim_ex.o
HAL_TIMEx_GetChannelNState                        build/stm32f4xx_hal_tim_ex.o
HAL_TIMEx_HallSensor_DeInit                       build/stm32f4xx_hal_tim_ex.o
HAL_TIMEx_HallSensor_GetState                     build/stm32f4xx_hal_tim_ex.o
HAL_TIMEx_HallSensor_Init                         build/stm32f4xx_hal_tim_ex.o
HAL_TIMEx_HallSensor_MspDeInit                    build/stm32f4xx_hal_tim_ex.o
HAL_TIMEx_HallSensor_MspInit                      build/stm32f4xx_hal_tim_ex.o
HAL_TIMEx_HallSensor_Start                        build/stm32f4xx_hal_tim_ex.o
HAL_TIMEx_HallSensor_Start_DMA                    build/stm32f4xx_hal_tim_ex.o
HAL_TIMEx_HallSensor_Start_IT                     build/stm32f4xx_hal_tim_ex.o
HAL_TIMEx_HallSensor_Stop                         build/stm32f4xx_hal_tim_ex.o
HAL_TIMEx_HallSensor_Stop_DMA                     build/stm32f4xx_hal_tim_ex.o
HAL_TIMEx_HallSensor_Stop_IT                      build/stm32f4xx_hal_tim_ex.o
HAL_TIMEx_MasterConfigSynchronization             build/stm32f4xx_hal_tim_ex.o
                                                  build/timer.o
HAL_TIMEx_OCN_Start                               build/stm32f4xx_hal_tim_ex.o
HAL_TIMEx_OCN_Start_DMA                           build/stm32f4xx_hal_tim_ex.o
HAL_TIMEx_OCN_Start_IT                            build/stm32f4xx_hal_tim_ex.o
HAL_TIMEx_OCN_Stop                                build/stm32f4xx_hal_tim_ex.o
HAL_TIMEx_OCN_Stop_DMA                            build/stm32f4xx_hal_tim_ex.o
HAL_TIMEx_OCN_Stop_IT                             build/stm32f4xx_hal_tim_ex.o
HAL_TIMEx_OnePulseN_Start                         build/stm32f4xx_hal_tim_ex.o
HAL_TIMEx_OnePulseN_Start_IT                      build/stm32f4xx_hal_tim_ex.o
HAL_TIMEx_OnePulseN_Stop                          build/stm32f4xx_hal_tim_ex.o
HAL_TIMEx_OnePulseN_Stop_IT                       build/stm32f4xx_hal_tim_ex.o
HAL_TIMEx_PWMN_Start                              build/stm32f4xx_hal_tim_ex.o
HAL_TIMEx_PWMN_Start_DMA                          build/stm32f4xx_hal_tim_ex.o
HAL_TIMEx_PWMN_Start_IT                           build/stm32f4xx_hal_tim_ex.o
HAL_TIMEx_PWMN_Stop                               build/stm32f4xx_hal_tim_ex.o
HAL_TIMEx_PWMN_Stop_DMA                           build/stm32f4xx_hal_tim_ex.o
HAL_TIMEx_PWMN_Stop_IT                            build/stm32f4xx_hal_tim_ex.o
HAL_TIMEx_RemapConfig                             build/stm32f4xx_hal_tim_ex.o
HAL_TIM_Base_DeInit                               build/stm32f4xx_hal_tim.o
HAL_TIM_Base_GetState                             build/stm32f4xx_hal_tim.o
HAL_TIM_Base_Init                                 build/stm32f4xx_hal_tim.o
                                                  build/timer.o
HAL_TIM_Base_MspDeInit                            build/stm32f4xx_hal_msp.o
HAL_TIM_Base_MspInit                              build/stm32f4xx_hal_msp.o
HAL_TIM_Base_Start                                build/stm32f4xx_hal_tim.o
HAL_TIM_Base_Start_DMA                            build/stm32f4xx_hal_tim.o
HAL_TIM_Base_Start_IT                             build/stm32f4xx_hal_tim.o
HAL_TIM_Base_Stop                                 build/stm32f4xx_hal_tim.o
HAL_TIM_Base_Stop_DMA                             build/stm32f4xx_hal_tim.o
HAL_TIM_Base_Stop_IT                              build/stm32f4xx_hal_tim.o
HAL_TIM_ConfigClockSource                         build/stm32f4xx_hal_tim.o
                                                  build/timer.o
HAL_TIM_ConfigOCrefClear                          build/stm32f4xx_hal_tim.o
HAL_TIM_ConfigTI1Input                            build/stm32f4xx_hal_tim.o
HAL_TIM_DMABurstState                             build/stm32f4xx_hal_tim.o
HAL_TIM_DMABurst_MultiReadStart                   build/stm32f4xx_hal_tim.o
HAL_TIM_DMABurst_MultiWriteStart                  build/stm32f4xx_hal_tim.o
HAL_TIM_DMABurst_ReadStart                        build/stm32f4xx_hal_tim.o
HAL_TIM_DMABurst_ReadStop                         build/stm32f4xx_hal_tim.o
HAL_TIM_DMABurst_WriteStart                       build/stm32f4xx_hal_tim.o
HAL_TIM_DMABurst_WriteStop                        build/stm32f4xx_hal_tim.o
HAL_TIM_Encoder_DeInit                            build/stm32f4xx_hal_tim.o
HAL_TIM_Encoder_GetState                          build/stm32f4xx_hal_tim.o
HAL_TIM_Encoder_Init                              build/stm32f4xx_hal_tim.o
HAL_TIM_Encoder_MspDeInit                         build/stm32f4xx_hal_tim.o
HAL_TIM_Encoder_MspInit                           build/stm32f4xx_hal_tim.o
HAL_TIM_Encoder_Start                             build/stm32f4xx_hal_tim.o
HAL_TIM_Encoder_Start_DMA                         build/stm32f4xx_hal_tim.o
HAL_TIM_Encoder_Start_IT                          build/stm32f4xx_hal_tim.o
HAL_TIM_Encoder_Stop                              build/stm32f4xx_hal_tim.o
HAL_TIM_Encoder_Stop_DMA                          build/stm32f4xx_hal_tim.o
HAL_TIM_Encoder_Stop_IT                           build/stm32f4xx_hal_tim.o
HAL_TIM_ErrorCallback                             build/stm32f4xx_hal_tim.o
                                                  build/stm32f4xx_hal_tim_ex.o
HAL_TIM_GenerateEvent                             build/stm32f4xx_hal_tim.o
HAL_TIM_GetActiveChannel                          build/stm32f4xx_hal_tim.o
HAL_TIM_GetChannelState                           build/stm32f4xx_hal_tim.o
HAL_TIM_IC_CaptureCallback                        build/stm32f4xx_hal_tim.o
HAL_TIM_IC_CaptureHalfCpltCallback                build/stm32f4xx_hal_tim.o
HAL_TIM_IC_ConfigChannel                          build/stm32f4xx_hal_tim.o
HAL_TIM_IC_DeInit                                 build/stm32f4xx_hal_tim.o
HAL_TIM_IC_GetState                               build/stm32f4xx_hal_tim.o
HAL_TIM_IC_Init                                   build/stm32f4xx_hal_tim.o
HAL_TIM_IC_MspDeInit                              build/stm32f4xx_hal_tim.o
HAL_TIM_IC_MspInit                                build/stm32f4xx_hal_tim.o
HAL_TIM_IC_Start                                  build/stm32f4xx_hal_tim.o
HAL_TIM_IC_Start_DMA                              build/stm32f4xx_hal_tim.o
HAL_TIM_IC_Start_IT                               build/stm32f4xx_hal_tim.o
HAL_TIM_IC_Stop                                   build/stm32f4xx_hal_tim.o
HAL_TIM_IC_Stop_DMA                               build/stm32f4xx_hal_tim.o
HAL_TIM_IC_Stop_IT                                build/stm32f4xx_hal_tim.o
HAL_TIM_IRQHandler                                build/stm32f4xx_hal_tim.o
                                                  build/stm32f4xx_it.o
HAL_TIM_OC_ConfigChannel                          build/stm32f4xx_hal_tim.o
HAL_TIM_OC_DeInit                                 build/stm32f4xx_hal_tim.o
HAL_TIM_OC_DelayElapsedCallback                   build/stm32f4xx_hal_tim.o
HAL_TIM_OC_GetState                               build/stm32f4xx_hal_tim.o
HAL_TIM_OC_Init                                   build/stm32f4xx_hal_tim.o
HAL_TIM_OC_MspDeInit                              build/stm32f4xx_hal_tim.o
HAL_TIM_OC_MspInit                                build/stm32f4xx_hal_tim.o
HAL_TIM_OC_Start                                  build/stm32f4xx_hal_tim.o
HAL_TIM_OC_Start_DMA                              build/stm32f4xx_hal_tim.o
HAL_TIM_OC_Start_IT                               build/stm32f4xx_hal_tim.o
HAL_TIM_OC_Stop                                   build/stm32f4xx_hal_tim.o
HAL_TIM_OC_Stop_DMA                               build/stm32f4xx_hal_tim.o
HAL_TIM_OC_Stop_IT                                build/stm32f4xx_hal_tim.o
HAL_TIM_OnePulse_ConfigChannel                    build/stm32f4xx_hal_tim.o
HAL_TIM_OnePulse_DeInit                           build/stm32f4xx_hal_tim.o
HAL_TIM_OnePulse_GetState                         build/stm32f4xx_hal_tim.o
HAL_TIM_OnePulse_Init                             build/stm32f4xx_hal_tim.o
HAL_TIM_OnePulse_MspDeInit                        build/stm32f4xx_hal_tim.o
HAL_TIM_OnePulse_MspInit                          build/stm32f4xx_hal_tim.o
HAL_TIM_OnePulse_Start                            build/stm32f4xx_hal_tim.o
HAL_TIM_OnePulse_Start_IT                         build/stm32f4xx_hal_tim.o
HAL_TIM_OnePulse_Stop                             build/stm32f4xx_hal_tim.o
HAL_TIM_OnePulse_Stop_IT                          build/stm32f4xx_hal_tim.o
HAL_TIM_PWM_ConfigChannel                         build/stm32f4xx_hal_tim.o
HAL_TIM_PWM_DeInit                                build/stm32f4xx_hal_tim.o
HAL_TIM_PWM_GetState                              build/stm32f4xx_hal_tim.o
HAL_TIM_PWM_Init                                  build/stm32f4xx_hal_tim.o
HAL_TIM_PWM_MspDeInit                             build/stm32f4xx_hal_tim.o
HAL_TIM_PWM_MspInit                               build/stm32f4xx_hal_tim.o
HAL_TIM_PWM_PulseFinishedCallback                 build/stm32f4xx_hal_tim.o
                                                  build/stm32f4xx_hal_tim_ex.o
HAL_TIM_PWM_PulseFinishedHalfCpltCallback         build/stm32f4xx_hal_tim.o
HAL_TIM_PWM_Start                                 build/stm32f4xx_hal_tim.o
HAL_TIM_PWM_Start_DMA                             build/stm32f4xx_hal_tim.o
HAL_TIM_PWM_Start_IT                              build/stm32f4xx_hal_tim.o
HAL_TIM_PWM_Stop                                  build/stm32f4xx_hal_tim.o
HAL_TIM_PWM_Stop_DMA                              build/stm32f4xx_hal_tim.o
HAL_TIM_PWM_Stop_IT                               build/stm32f4xx_hal_tim.o
HAL_TIM_PeriodElapsedCallback                     build/stm32f4xx_hal_tim.o
HAL_TIM_PeriodElapsedHalfCpltCallback             build/stm32f4xx_hal_tim.o
HAL_TIM_ReadCapturedValue                         build/stm32f4xx_hal_tim.o
HAL_TIM_SlaveConfigSynchro                        build/stm32f4xx_hal_tim.o
HAL_TIM_SlaveConfigSynchro_IT                     build/stm32f4xx_hal_tim.o
HAL_TIM_TriggerCallback                           build/stm32f4xx_hal_tim.o
HAL_TIM_TriggerHalfCpltCallback                   build/stm32f4xx_hal_tim.o
HAL_USART_Abort                                   build/stm32f4xx_hal_usart.o
HAL_USART_AbortCpltCallback                       build/stm32f4xx_hal_usart.o
HAL_USART_Abort_IT                                build/stm32f4xx_hal_usart.o
HAL_USART_DMAPause                                build/stm32f4xx_hal_usart.o
HAL_USART_DMAResume                               build/stm32f4xx_hal_usart.o
HAL_USART_DMAStop                                 build/stm32f4xx_hal_usart.o
HAL_USART_DeInit                                  build/stm32f4xx_hal_usart.o
HAL_USART_ErrorCallback                           build/stm32f4xx_hal_usart.o
HAL_USART_GetError                                build/stm32f4xx_hal_usart.o
HAL_USART_GetState                                build/stm32f4xx_hal_usart.o
HAL_USART_IRQHandler                              build/stm32f4xx_hal_usart.o
                                                  build/stm32f4xx_it.o
HAL_USART_Init                                    build/stm32f4xx_hal_usart.o
                                                  build/usart.o
HAL_USART_MspDeInit                               build/stm32f4xx_hal_msp.o
HAL_USART_MspInit                                 build/stm32f4xx_hal_msp.o
HAL_USART_Receive                                 build/stm32f4xx_hal_usart.o
HAL_USART_Receive_DMA                             build/stm32f4xx_hal_usart.o
HAL_USART_Receive_IT                              build/stm32f4xx_hal_usart.o
HAL_USART_RxCpltCallback                          build/stm32f4xx_hal_usart.o
HAL_USART_RxHalfCpltCallback                      build/stm32f4xx_hal_usart.o
HAL_USART_Transmit                                build/stm32f4xx_hal_usart.o
HAL_USART_TransmitReceive                         build/stm32f4xx_hal_usart.o
HAL_USART_TransmitReceive_DMA                     build/stm32f4xx_hal_usart.o
HAL_USART_TransmitReceive_IT                      build/stm32f4xx_hal_usart.o
HAL_USART_Transmit_DMA                            build/stm32f4xx_hal_usart.o
HAL_USART_Transmit_IT                             build/stm32f4xx_hal_usart.o
HAL_USART_TxCpltCallback                          build/stm32f4xx_hal_usart.o
HAL_USART_TxHalfCpltCallback                      build/stm32f4xx_hal_usart.o
HAL_USART_TxRxCpltCallback                        build/stm32f4xx_hal_usart.o
HASH_RNG_IRQHandler                               build/startup_stm32f429xx.o
HardFault_Handler                                 build/stm32f4xx_it.o
I2C1_ER_IRQHandler                                build/startup_stm32f429xx.o
I2C1_EV_IRQHandler                                build/startup_stm32f429xx.o
I2C2_ER_IRQHandler                                build/startup_stm32f429xx.o
I2C2_EV_IRQHandler                                build/startup_stm32f429xx.o
I2C3_ER_IRQHandler                                build/startup_stm32f429xx.o
I2C3_EV_IRQHandler                                build/startup_stm32f429xx.o
LTDC_ER_IRQHandler                                build/startup_stm32f429xx.o
LTDC_IRQHandler                                   build/startup_stm32f429xx.o
MX_GPIO_Init                                      build/led.o
                                                  build/main.o
MX_TIM2_Init                                      build/timer.o
                                                  build/main.o
MX_USART1_Init                                    build/usart.o
                                                  build/main.o
MemManage_Handler                                 build/stm32f4xx_it.o
NMI_Handler                                       build/stm32f4xx_it.o
OTG_FS_IRQHandler                                 build/startup_stm32f429xx.o
OTG_FS_WKUP_IRQHandler                            build/startup_stm32f429xx.o
OTG_HS_EP1_IN_IRQHandler                          build/startup_stm32f429xx.o
OTG_HS_EP1_OUT_IRQHandler                         build/startup_stm32f429xx.o
OTG_HS_IRQHandler                                 build/startup_stm32f429xx.o
OTG_HS_WKUP_IRQHandler                            build/startup_stm32f429xx.o
PVD_IRQHandler                                    build/startup_stm32f429xx.o
PendSV_Handler                                    build/stm32f4xx_it.o
RCC_IRQHandler                                    build/startup_stm32f429xx.o
RTC_Alarm_IRQHandler                              build/startup_stm32f429xx.o
RTC_WKUP_IRQHandler                               build/startup_stm32f429xx.o
Reset_Handler                                     build/startup_stm32f429xx.o
SAI1_IRQHandler                                   build/startup_stm32f429xx.o
SDIO_IRQHandler                                   build/startup_stm32f429xx.o
SPI1_IRQHandler                                   build/startup_stm32f429xx.o
SPI2_IRQHandler                                   build/startup_stm32f429xx.o
SPI3_IRQHandler                                   build/startup_stm32f429xx.o
SPI4_IRQHandler                                   build/startup_stm32f429xx.o
SPI5_IRQHandler                                   build/startup_stm32f429xx.o
SPI6_IRQHandler                                   build/startup_stm32f429xx.o
SVC_Handler                                       build/stm32f4xx_it.o
SysTick_Handler                                   build/stm32f4xx_it.o
SystemClock_Config                                build/sysclock.o
                                                  build/main.o
SystemCoreClock                                   build/system_stm32f4xx.o
                                                  build/stm32f4xx_hal.o
                                                  build/stm32f4xx_hal_dma.o
                                                  build/stm32f4xx_hal_rcc_ex.o
                                                  build/stm32f4xx_hal_rcc.o
SystemCoreClockUpdate                             build/system_stm32f4xx.o
SystemInit                                        build/system_stm32f4xx.o
                                                  build/startup_stm32f429xx.o
TAMP_STAMP_IRQHandler                             build/startup_stm32f429xx.o
TIM1_BRK_TIM9_IRQHandler                          build/startup_stm32f429xx.o
TIM1_CC_IRQHandler                                build/startup_stm32f429xx.o
TIM1_TRG_COM_TIM11_IRQHandler                     build/startup_stm32f429xx.o
TIM1_UP_TIM10_IRQHandler                          build/startup_stm32f429xx.o
TIM2_IRQHandler                                   build/stm32f4xx_it.o
TIM3_IRQHandler                                   build/startup_stm32f429xx.o
TIM4_IRQHandler                                   build/startup_stm32f429xx.o
TIM5_IRQHandler                                   build/startup_stm32f429xx.o
TIM6_DAC_IRQHandler                               build/startup_stm32f429xx.o
TIM7_IRQHandler                                   build/startup_stm32f429xx.o
TIM8_BRK_TIM12_IRQHandler                         build/startup_stm32f429xx.o
TIM8_CC_IRQHandler                                build/startup_stm32f429xx.o
TIM8_TRG_COM_TIM14_IRQHandler                     build/startup_stm32f429xx.o
TIM8_UP_TIM13_IRQHandler                          build/startup_stm32f429xx.o
TIMEx_DMACommutationCplt                          build/stm32f4xx_hal_tim_ex.o
                                                  build/stm32f4xx_hal_tim.o
TIMEx_DMACommutationHalfCplt                      build/stm32f4xx_hal_tim_ex.o
                                                  build/stm32f4xx_hal_tim.o
TIM_Base_SetConfig                                build/stm32f4xx_hal_tim.o
                                                  build/stm32f4xx_hal_tim_ex.o
TIM_CCxChannelCmd                                 build/stm32f4xx_hal_tim.o
                                                  build/stm32f4xx_hal_tim_ex.o
TIM_DMACaptureCplt                                build/stm32f4xx_hal_tim.o
                                                  build/stm32f4xx_hal_tim_ex.o
TIM_DMACaptureHalfCplt                            build/stm32f4xx_hal_tim.o
                                                  build/stm32f4xx_hal_tim_ex.o
TIM_DMADelayPulseHalfCplt                         build/stm32f4xx_hal_tim.o
                                                  build/stm32f4xx_hal_tim_ex.o
TIM_DMAError                                      build/stm32f4xx_hal_tim.o
                                                  build/stm32f4xx_hal_tim_ex.o
TIM_ETR_SetConfig                                 build/stm32f4xx_hal_tim.o
TIM_OC2_SetConfig                                 build/stm32f4xx_hal_tim.o
                                                  build/stm32f4xx_hal_tim_ex.o
TIM_TI1_SetConfig                                 build/stm32f4xx_hal_tim.o
                                                  build/stm32f4xx_hal_tim_ex.o
UART4_IRQHandler                                  build/startup_stm32f429xx.o
UART5_IRQHandler                                  build/startup_stm32f429xx.o
UART7_IRQHandler                                  build/startup_stm32f429xx.o
UART8_IRQHandler                                  build/startup_stm32f429xx.o
USART1_IRQHandler                                 build/stm32f4xx_it.o
USART2_IRQHandler                                 build/startup_stm32f429xx.o
USART3_IRQHandler                                 build/startup_stm32f429xx.o
USART6_IRQHandler                                 build/startup_stm32f429xx.o
UsageFault_Handler                                build/stm32f4xx_it.o
WWDG_IRQHandler                                   build/startup_stm32f429xx.o
__aeabi_idiv0                                     d:/gun arm embedded toolchain/10 2021.10/bin/../lib/gcc/arm-none-eabi/10.3.1/thumb/v7e-m+fp/hard\libgcc.a(_dvmd_tls.o)
__aeabi_ldiv0                                     d:/gun arm embedded toolchain/10 2021.10/bin/../lib/gcc/arm-none-eabi/10.3.1/thumb/v7e-m+fp/hard\libgcc.a(_dvmd_tls.o)
                                                  d:/gun arm embedded toolchain/10 2021.10/bin/../lib/gcc/arm-none-eabi/10.3.1/thumb/v7e-m+fp/hard\libgcc.a(_aeabi_uldivmod.o)
__aeabi_uldivmod                                  d:/gun arm embedded toolchain/10 2021.10/bin/../lib/gcc/arm-none-eabi/10.3.1/thumb/v7e-m+fp/hard\libgcc.a(_aeabi_uldivmod.o)
                                                  build/stm32f4xx_hal_usart.o
                                                  build/stm32f4xx_hal_rcc.o
__bss_end__                                       d:/gun arm embedded toolchain/10 2021.10/bin/../lib/gcc/arm-none-eabi/10.3.1/../../../../arm-none-eabi/lib/thumb/v7e-m+fp/hard/crt0.o
__bss_start__                                     d:/gun arm embedded toolchain/10 2021.10/bin/../lib/gcc/arm-none-eabi/10.3.1/../../../../arm-none-eabi/lib/thumb/v7e-m+fp/hard/crt0.o
__call_exitprocs                                  d:/gun arm embedded toolchain/10 2021.10/bin/../lib/gcc/arm-none-eabi/10.3.1/../../../../arm-none-eabi/lib/thumb/v7e-m+fp/hard\libc_nano.a(lib_a-exit.o)
__deregister_frame_info                           d:/gun arm embedded toolchain/10 2021.10/bin/../lib/gcc/arm-none-eabi/10.3.1/thumb/v7e-m+fp/hard/crtbegin.o
__dso_handle                                      d:/gun arm embedded toolchain/10 2021.10/bin/../lib/gcc/arm-none-eabi/10.3.1/thumb/v7e-m+fp/hard/crtbegin.o
__init_array_end                                  d:/gun arm embedded toolchain/10 2021.10/bin/../lib/gcc/arm-none-eabi/10.3.1/../../../../arm-none-eabi/lib/thumb/v7e-m+fp/hard\libc_nano.a(lib_a-init.o)
__init_array_start                                d:/gun arm embedded toolchain/10 2021.10/bin/../lib/gcc/arm-none-eabi/10.3.1/../../../../arm-none-eabi/lib/thumb/v7e-m+fp/hard\libc_nano.a(lib_a-init.o)
__libc_fini_array                                 d:/gun arm embedded toolchain/10 2021.10/bin/../lib/gcc/arm-none-eabi/10.3.1/../../../../arm-none-eabi/lib/thumb/v7e-m+fp/hard/crt0.o
__libc_init_array                                 d:/gun arm embedded toolchain/10 2021.10/bin/../lib/gcc/arm-none-eabi/10.3.1/../../../../arm-none-eabi/lib/thumb/v7e-m+fp/hard\libc_nano.a(lib_a-init.o)
                                                  build/startup_stm32f429xx.o
                                                  d:/gun arm embedded toolchain/10 2021.10/bin/../lib/gcc/arm-none-eabi/10.3.1/../../../../arm-none-eabi/lib/thumb/v7e-m+fp/hard/crt0.o
__preinit_array_end                               d:/gun arm embedded toolchain/10 2021.10/bin/../lib/gcc/arm-none-eabi/10.3.1/../../../../arm-none-eabi/lib/thumb/v7e-m+fp/hard\libc_nano.a(lib_a-init.o)
__preinit_array_start                             d:/gun arm embedded toolchain/10 2021.10/bin/../lib/gcc/arm-none-eabi/10.3.1/../../../../arm-none-eabi/lib/thumb/v7e-m+fp/hard\libc_nano.a(lib_a-init.o)
__register_frame_info                             d:/gun arm embedded toolchain/10 2021.10/bin/../lib/gcc/arm-none-eabi/10.3.1/thumb/v7e-m+fp/hard/crtbegin.o
__sf_fake_stderr                                  d:/gun arm embedded toolchain/10 2021.10/bin/../lib/gcc/arm-none-eabi/10.3.1/../../../../arm-none-eabi/lib/thumb/v7e-m+fp/hard\libc_nano.a(lib_a-impure.o)
__sf_fake_stdin                                   d:/gun arm embedded toolchain/10 2021.10/bin/../lib/gcc/arm-none-eabi/10.3.1/../../../../arm-none-eabi/lib/thumb/v7e-m+fp/hard\libc_nano.a(lib_a-impure.o)
__sf_fake_stdout                                  d:/gun arm embedded toolchain/10 2021.10/bin/../lib/gcc/arm-none-eabi/10.3.1/../../../../arm-none-eabi/lib/thumb/v7e-m+fp/hard\libc_nano.a(lib_a-impure.o)
__stack                                           d:/gun arm embedded toolchain/10 2021.10/bin/../lib/gcc/arm-none-eabi/10.3.1/../../../../arm-none-eabi/lib/thumb/v7e-m+fp/hard/crt0.o
__udivmoddi4                                      d:/gun arm embedded toolchain/10 2021.10/bin/../lib/gcc/arm-none-eabi/10.3.1/thumb/v7e-m+fp/hard\libgcc.a(_udivmoddi4.o)
                                                  d:/gun arm embedded toolchain/10 2021.10/bin/../lib/gcc/arm-none-eabi/10.3.1/thumb/v7e-m+fp/hard\libgcc.a(_aeabi_uldivmod.o)
_ebss                                             build/startup_stm32f429xx.o
_edata                                            build/startup_stm32f429xx.o
_estack                                           build/startup_stm32f429xx.o
_exit                                             d:/gun arm embedded toolchain/10 2021.10/bin/../lib/gcc/arm-none-eabi/10.3.1/../../../../arm-none-eabi/lib/thumb/v7e-m+fp/hard\libnosys.a(_exit.o)
                                                  d:/gun arm embedded toolchain/10 2021.10/bin/../lib/gcc/arm-none-eabi/10.3.1/../../../../arm-none-eabi/lib/thumb/v7e-m+fp/hard\libc_nano.a(lib_a-exit.o)
_fini                                             d:/gun arm embedded toolchain/10 2021.10/bin/../lib/gcc/arm-none-eabi/10.3.1/thumb/v7e-m+fp/hard/crti.o
_global_impure_ptr                                d:/gun arm embedded toolchain/10 2021.10/bin/../lib/gcc/arm-none-eabi/10.3.1/../../../../arm-none-eabi/lib/thumb/v7e-m+fp/hard\libc_nano.a(lib_a-impure.o)
                                                  d:/gun arm embedded toolchain/10 2021.10/bin/../lib/gcc/arm-none-eabi/10.3.1/../../../../arm-none-eabi/lib/thumb/v7e-m+fp/hard\libc_nano.a(lib_a-exit.o)
_impure_ptr                                       d:/gun arm embedded toolchain/10 2021.10/bin/../lib/gcc/arm-none-eabi/10.3.1/../../../../arm-none-eabi/lib/thumb/v7e-m+fp/hard\libc_nano.a(lib_a-impure.o)
_init                                             d:/gun arm embedded toolchain/10 2021.10/bin/../lib/gcc/arm-none-eabi/10.3.1/thumb/v7e-m+fp/hard/crti.o
                                                  d:/gun arm embedded toolchain/10 2021.10/bin/../lib/gcc/arm-none-eabi/10.3.1/../../../../arm-none-eabi/lib/thumb/v7e-m+fp/hard\libc_nano.a(lib_a-init.o)
_mainCRTStartup                                   d:/gun arm embedded toolchain/10 2021.10/bin/../lib/gcc/arm-none-eabi/10.3.1/../../../../arm-none-eabi/lib/thumb/v7e-m+fp/hard/crt0.o
_sbss                                             build/startup_stm32f429xx.o
_sdata                                            build/startup_stm32f429xx.o
_sidata                                           build/startup_stm32f429xx.o
_stack_init                                       d:/gun arm embedded toolchain/10 2021.10/bin/../lib/gcc/arm-none-eabi/10.3.1/../../../../arm-none-eabi/lib/thumb/v7e-m+fp/hard/crt0.o
_start                                            d:/gun arm embedded toolchain/10 2021.10/bin/../lib/gcc/arm-none-eabi/10.3.1/../../../../arm-none-eabi/lib/thumb/v7e-m+fp/hard/crt0.o
atexit                                            d:/gun arm embedded toolchain/10 2021.10/bin/../lib/gcc/arm-none-eabi/10.3.1/../../../../arm-none-eabi/lib/thumb/v7e-m+fp/hard/crt0.o
exit                                              d:/gun arm embedded toolchain/10 2021.10/bin/../lib/gcc/arm-none-eabi/10.3.1/../../../../arm-none-eabi/lib/thumb/v7e-m+fp/hard\libc_nano.a(lib_a-exit.o)
                                                  d:/gun arm embedded toolchain/10 2021.10/bin/../lib/gcc/arm-none-eabi/10.3.1/../../../../arm-none-eabi/lib/thumb/v7e-m+fp/hard/crt0.o
g_pfnVectors                                      build/startup_stm32f429xx.o
hardware_init_hook                                d:/gun arm embedded toolchain/10 2021.10/bin/../lib/gcc/arm-none-eabi/10.3.1/../../../../arm-none-eabi/lib/thumb/v7e-m+fp/hard/crt0.o
htim2                                             build/timer.o
                                                  build/stm32f4xx_it.o
husart1                                           build/usart.o
                                                  build/stm32f4xx_it.o
main                                              build/main.o
                                                  build/startup_stm32f429xx.o
                                                  d:/gun arm embedded toolchain/10 2021.10/bin/../lib/gcc/arm-none-eabi/10.3.1/../../../../arm-none-eabi/lib/thumb/v7e-m+fp/hard/crt0.o
memset                                            d:/gun arm embedded toolchain/10 2021.10/bin/../lib/gcc/arm-none-eabi/10.3.1/../../../../arm-none-eabi/lib/thumb/v7e-m+fp/hard\libc_nano.a(lib_a-memset.o)
                                                  build/sysclock.o
                                                  d:/gun arm embedded toolchain/10 2021.10/bin/../lib/gcc/arm-none-eabi/10.3.1/../../../../arm-none-eabi/lib/thumb/v7e-m+fp/hard/crt0.o
pFlash                                            build/stm32f4xx_hal_flash.o
                                                  build/stm32f4xx_hal_flash_ex.o
software_init_hook                                d:/gun arm embedded toolchain/10 2021.10/bin/../lib/gcc/arm-none-eabi/10.3.1/../../../../arm-none-eabi/lib/thumb/v7e-m+fp/hard/crt0.o
uwTick                                            build/stm32f4xx_hal.o
uwTickFreq                                        build/stm32f4xx_hal.o
uwTickPrio                                        build/stm32f4xx_hal.o
                                                  build/stm32f4xx_hal_rcc_ex.o
                                                  build/stm32f4xx_hal_rcc.o
